22:  Startpoint: l_nutshell/axi4deint_1/deq/value_1_reg   Endpoint: l_nutshell/tl2axi4_1/count_1_reg   slack (VIOLATED)                                                -0.0298
26:  Startpoint: l_nutshell/axi4deint_1/deq/value_1_reg   Endpoint: l_nutshell/tl2axi4_1/count_3_reg   slack (VIOLATED)                                                -0.0115
156:  Startpoint: l_nutshell/axi4deint_1/deq/value_1_reg   Endpoint: l_nutshell/buffer_3/bundleIn_0_d_q/POWERGATING_clock_N9_4/latch   Startpoint: l_nutshell/axi4deint_1/deq/value_1_reg
157:  Startpoint: l_nutshell/axi4deint_1/deq/value_1_reg   Endpoint: l_nutshell/buffer_3/bundleIn_0_d_q/POWERGATING_clock_N8_4/latch   Startpoint: l_nutshell/axi4deint_1/deq/value_1_reg
160:  Startpoint: l_nutshell/axi4deint_1/deq/value_1_reg   Endpoint: l_nutshell/buffer_3/bundleIn_0_d_q/ram_source_reg_1__1_   Startpoint: l_nutshell/axi4deint_1/deq/value_1_reg
161:  Endpoint: l_nutshell/axi4deint/deq/ram_id_reg_1__0_   Startpoint: l_nutshell/axi4deint/deq/value_1_reg   Endpoint: l_nutshell/axi4deint/deq/ram_data_reg_1__60_
162:  Startpoint: l_nutshell/axi4deint/deq/value_1_reg   Endpoint: l_nutshell/axi4deint/deq/ram_data_reg_1__58_   Startpoint: l_nutshell/axi4deint/deq/value_1_reg
163:  Endpoint: l_nutshell/axi4deint/deq/ram_data_reg_1__57_   Startpoint: l_nutshell/axi4deint/deq/value_1_reg   Endpoint: l_nutshell/axi4deint/deq/ram_data_reg_1__56_
164:  Startpoint: l_nutshell/axi4deint/deq/value_1_reg   Endpoint: l_nutshell/axi4deint/deq/ram_data_reg_1__55_   Startpoint: l_nutshell/axi4deint/deq/value_1_reg
165:  Endpoint: l_nutshell/axi4deint/deq/ram_data_reg_1__54_   Startpoint: l_nutshell/axi4deint/deq/value_1_reg   Endpoint: l_nutshell/axi4deint/deq/ram_data_reg_1__53_
166:  Startpoint: l_nutshell/axi4deint/deq/value_1_reg   Endpoint: l_nutshell/axi4deint/deq/ram_data_reg_1__52_   Startpoint: l_nutshell/axi4deint/deq/value_1_reg
167:  Endpoint: l_nutshell/axi4deint/deq/ram_data_reg_1__51_   Startpoint: l_nutshell/axi4deint/deq/value_1_reg   Endpoint: l_nutshell/axi4deint/deq/ram_data_reg_1__50_
168:  Startpoint: l_nutshell/axi4deint/deq/value_1_reg   Endpoint: l_nutshell/axi4deint/deq/ram_data_reg_1__49_   Startpoint: l_nutshell/axi4deint/deq/value_1_reg
169:  Endpoint: l_nutshell/axi4deint/deq/ram_data_reg_1__48_   Startpoint: l_nutshell/axi4deint/deq/value_1_reg   Endpoint: l_nutshell/axi4deint/deq/ram_data_reg_1__47_
170:  Startpoint: l_nutshell/axi4deint/deq/value_1_reg   Endpoint: l_nutshell/axi4deint/deq/ram_data_reg_1__46_   Startpoint: l_nutshell/axi4deint/deq/value_1_reg
171:  Endpoint: l_nutshell/axi4deint/deq/ram_data_reg_1__45_   Startpoint: l_nutshell/axi4deint/deq/value_1_reg   Endpoint: l_nutshell/axi4deint/deq/ram_data_reg_1__44_
172:  Startpoint: l_nutshell/axi4deint/deq/value_1_reg   Endpoint: l_nutshell/axi4deint/deq/ram_data_reg_1__43_   Startpoint: l_nutshell/axi4deint/deq/value_1_reg
173:  Endpoint: l_nutshell/axi4deint/deq/ram_data_reg_1__42_   Startpoint: l_nutshell/axi4deint/deq/value_1_reg   Endpoint: l_nutshell/axi4deint/deq/ram_data_reg_1__41_
174:  Startpoint: l_nutshell/axi4deint/deq/value_1_reg   Endpoint: l_nutshell/axi4deint/deq/ram_data_reg_1__40_   Startpoint: l_nutshell/axi4deint/deq/value_1_reg
175:  Endpoint: l_nutshell/axi4deint/deq/ram_data_reg_1__39_   Startpoint: l_nutshell/axi4deint/deq/value_1_reg   Endpoint: l_nutshell/axi4deint/deq/ram_data_reg_1__38_
176:  Startpoint: l_nutshell/axi4deint/deq/value_1_reg   Endpoint: l_nutshell/axi4deint/deq/ram_data_reg_1__37_   Startpoint: l_nutshell/axi4deint/deq/value_1_reg
177:  Endpoint: l_nutshell/axi4deint/deq/ram_data_reg_1__36_   Startpoint: l_nutshell/axi4deint/deq/value_1_reg   Endpoint: l_nutshell/axi4deint/deq/ram_data_reg_1__35_
178:  Startpoint: l_nutshell/axi4deint/deq/value_1_reg   Endpoint: l_nutshell/axi4deint/deq/ram_data_reg_1__34_   Startpoint: l_nutshell/axi4deint/deq/value_1_reg
179:  Endpoint: l_nutshell/axi4deint/deq/ram_data_reg_1__33_   Startpoint: l_nutshell/axi4deint/deq/value_1_reg   Endpoint: l_nutshell/axi4deint/deq/ram_data_reg_1__32_
180:  Startpoint: l_nutshell/axi4deint/deq/value_1_reg   Endpoint: l_nutshell/axi4deint/deq/ram_data_reg_1__31_   Startpoint: l_nutshell/axi4deint/deq/value_1_reg
181:  Endpoint: l_nutshell/axi4deint/deq/ram_data_reg_1__30_   Startpoint: l_nutshell/axi4deint/deq/value_1_reg   Endpoint: l_nutshell/axi4deint/deq/ram_data_reg_1__29_
182:  Startpoint: l_nutshell/axi4deint/deq/value_1_reg   Endpoint: l_nutshell/axi4deint/deq/ram_data_reg_1__28_   Startpoint: l_nutshell/axi4deint/deq/value_1_reg
183:  Endpoint: l_nutshell/axi4deint/deq/ram_data_reg_1__27_   Startpoint: l_nutshell/axi4deint/deq/value_1_reg   Endpoint: l_nutshell/axi4deint/deq/ram_data_reg_1__26_
184:  Startpoint: l_nutshell/axi4deint/deq/value_1_reg   Endpoint: l_nutshell/axi4deint/deq/ram_data_reg_1__25_   Startpoint: l_nutshell/axi4deint/deq/value_1_reg
185:  Endpoint: l_nutshell/axi4deint/deq/ram_data_reg_1__24_   Startpoint: l_nutshell/axi4deint/deq/value_1_reg   Endpoint: l_nutshell/axi4deint/deq/ram_data_reg_1__23_
186:  Startpoint: l_nutshell/axi4deint/deq/value_1_reg   Endpoint: l_nutshell/axi4deint/deq/ram_data_reg_1__22_   Startpoint: l_nutshell/axi4deint/deq/value_1_reg
187:  Endpoint: l_nutshell/axi4deint/deq/ram_data_reg_1__21_   Startpoint: l_nutshell/axi4deint/deq/value_1_reg   Endpoint: l_nutshell/axi4deint/deq/ram_data_reg_1__20_
188:  Startpoint: l_nutshell/axi4deint/deq/value_1_reg   Endpoint: l_nutshell/axi4deint/deq/ram_data_reg_1__19_   Startpoint: l_nutshell/axi4deint/deq/value_1_reg
189:  Endpoint: l_nutshell/axi4deint/deq/ram_data_reg_1__18_   Startpoint: l_nutshell/axi4deint/deq/value_1_reg   Endpoint: l_nutshell/axi4deint/deq/ram_data_reg_1__17_
190:  Startpoint: l_nutshell/axi4deint/deq/value_1_reg   Endpoint: l_nutshell/axi4deint/deq/ram_data_reg_1__16_   Startpoint: l_nutshell/axi4deint/deq/value_1_reg
191:  Endpoint: l_nutshell/axi4deint/deq/ram_data_reg_1__15_   Startpoint: l_nutshell/axi4deint/deq/value_1_reg   Endpoint: l_nutshell/axi4deint/deq/ram_data_reg_1__14_
192:  Startpoint: l_nutshell/axi4deint/deq/value_1_reg   Endpoint: l_nutshell/axi4deint/deq/ram_data_reg_1__13_   Startpoint: l_nutshell/axi4deint/deq/value_1_reg
193:  Endpoint: l_nutshell/axi4deint/deq/ram_data_reg_1__12_   Startpoint: l_nutshell/axi4deint/deq/value_1_reg   Endpoint: l_nutshell/axi4deint/deq/ram_data_reg_1__11_
194:  Startpoint: l_nutshell/axi4deint/deq/value_1_reg   Endpoint: l_nutshell/axi4deint/deq/ram_data_reg_1__10_   Startpoint: l_nutshell/axi4deint/deq/value_1_reg
195:  Endpoint: l_nutshell/axi4deint/deq/ram_data_reg_1__9_   Startpoint: l_nutshell/axi4deint/deq/value_1_reg   Endpoint: l_nutshell/axi4deint/deq/ram_data_reg_1__8_
196:  Startpoint: l_nutshell/axi4deint/deq/value_1_reg   Endpoint: l_nutshell/axi4deint/deq/ram_data_reg_1__7_   Startpoint: l_nutshell/axi4deint/deq/value_1_reg
197:  Endpoint: l_nutshell/axi4deint/deq/ram_data_reg_1__6_   Startpoint: l_nutshell/axi4deint/deq/value_1_reg   Endpoint: l_nutshell/axi4deint/deq/ram_data_reg_1__5_
198:  Startpoint: l_nutshell/axi4deint/deq/value_1_reg   Endpoint: l_nutshell/axi4deint/deq/ram_data_reg_1__4_   Startpoint: l_nutshell/axi4deint/deq/value_1_reg
199:  Endpoint: l_nutshell/axi4deint/deq/ram_data_reg_1__3_   Startpoint: l_nutshell/axi4deint/deq/value_1_reg   Endpoint: l_nutshell/axi4deint/deq/ram_data_reg_1__2_
200:  Startpoint: l_nutshell/axi4deint/deq/value_1_reg   Endpoint: l_nutshell/axi4deint/deq/ram_data_reg_1__1_   Startpoint: l_nutshell/axi4deint/deq/value_1_reg
201:  Endpoint: l_nutshell/axi4deint/deq/ram_resp_reg_1__0_   Startpoint: l_nutshell/axi4deint/deq/value_1_reg   Endpoint: l_nutshell/axi4deint/deq/ram_resp_reg_1__1_
202:  Startpoint: l_nutshell/axi4deint/deq/value_1_reg   Endpoint: l_nutshell/axi4deint/deq/ram_echo_tl_state_size_reg_1__2_   Startpoint: l_nutshell/axi4deint/deq/value_1_reg
203:  Endpoint: l_nutshell/axi4deint/deq/ram_echo_tl_state_size_reg_1__1_   Startpoint: l_nutshell/axi4deint/deq/value_1_reg   Endpoint: l_nutshell/axi4deint/deq/ram_echo_tl_state_source_reg_1__0_
204:  Startpoint: l_nutshell/axi4deint/deq/value_1_reg   Endpoint: l_nutshell/axi4deint/deq/ram_echo_tl_state_source_reg_1__4_   Startpoint: l_nutshell/axi4deint/deq/value_1_reg
205:  Endpoint: l_nutshell/axi4deint/deq/ram_echo_tl_state_source_reg_1__3_   Startpoint: l_nutshell/axi4deint/deq/value_1_reg   Endpoint: l_nutshell/axi4deint/deq/ram_echo_tl_state_source_reg_1__2_
206:  Startpoint: l_nutshell/axi4deint/deq/value_1_reg   Endpoint: l_nutshell/axi4deint/deq/ram_echo_tl_state_source_reg_1__1_   Startpoint: l_nutshell/axi4deint/deq/value_1_reg
207:  Startpoint: l_nutshell/axi4deint_1/deq/value_1_reg   Endpoint: l_nutshell/buffer_3/bundleIn_0_d_q/ram_data_reg_1__28_   Startpoint: l_nutshell/axi4deint_1/deq/value_1_reg
208:  Endpoint: l_nutshell/buffer_3/bundleIn_0_d_q/ram_data_reg_0__29_   Startpoint: l_nutshell/axi4deint_1/deq/value_1_reg   Endpoint: l_nutshell/buffer_3/bundleIn_0_d_q/ram_data_reg_0__28_
209:  Endpoint: l_nutshell/buffer_3/bundleIn_0_d_q/ram_data_reg_1__27_   Startpoint: l_nutshell/axi4deint_1/deq/value_1_reg   Endpoint: l_nutshell/buffer_3/bundleIn_0_d_q/ram_data_reg_1__26_
210:  Startpoint: l_nutshell/axi4deint_1/deq/value_1_reg   Endpoint: l_nutshell/buffer_3/bundleIn_0_d_q/ram_data_reg_1__25_   Startpoint: l_nutshell/axi4deint_1/deq/value_1_reg
211:  Endpoint: l_nutshell/buffer_3/bundleIn_0_d_q/ram_data_reg_1__24_   Startpoint: l_nutshell/axi4deint_1/deq/value_1_reg   Endpoint: l_nutshell/buffer_3/bundleIn_0_d_q/ram_data_reg_1__23_
212:  Startpoint: l_nutshell/axi4deint_1/deq/value_1_reg   Endpoint: l_nutshell/buffer_3/bundleIn_0_d_q/ram_data_reg_1__22_   Startpoint: l_nutshell/axi4deint_1/deq/value_1_reg
213:  Endpoint: l_nutshell/buffer_3/bundleIn_0_d_q/ram_data_reg_1__21_   Startpoint: l_nutshell/axi4deint_1/deq/value_1_reg   Endpoint: l_nutshell/buffer_3/bundleIn_0_d_q/ram_data_reg_1__20_
214:  Startpoint: l_nutshell/axi4deint_1/deq/value_1_reg   Endpoint: l_nutshell/buffer_3/bundleIn_0_d_q/ram_data_reg_1__19_   Startpoint: l_nutshell/axi4deint_1/deq/value_1_reg
215:  Endpoint: l_nutshell/buffer_3/bundleIn_0_d_q/ram_data_reg_1__18_   Startpoint: l_nutshell/axi4deint_1/deq/value_1_reg   Endpoint: l_nutshell/buffer_3/bundleIn_0_d_q/ram_data_reg_1__17_
216:  Startpoint: l_nutshell/axi4deint_1/deq/value_1_reg   Endpoint: l_nutshell/buffer_3/bundleIn_0_d_q/ram_data_reg_1__16_   Startpoint: l_nutshell/axi4deint_1/deq/value_1_reg
217:  Endpoint: l_nutshell/buffer_3/bundleIn_0_d_q/ram_data_reg_1__15_   Startpoint: l_nutshell/axi4deint_1/deq/value_1_reg   Endpoint: l_nutshell/buffer_3/bundleIn_0_d_q/ram_data_reg_1__14_
218:  Startpoint: l_nutshell/axi4deint_1/deq/value_1_reg   Endpoint: l_nutshell/buffer_3/bundleIn_0_d_q/ram_data_reg_1__13_   Startpoint: l_nutshell/axi4deint_1/deq/value_1_reg
219:  Endpoint: l_nutshell/buffer_3/bundleIn_0_d_q/ram_data_reg_1__12_   Startpoint: l_nutshell/axi4deint_1/deq/value_1_reg   Endpoint: l_nutshell/buffer_3/bundleIn_0_d_q/ram_data_reg_1__11_
220:  Startpoint: l_nutshell/axi4deint_1/deq/value_1_reg   Endpoint: l_nutshell/buffer_3/bundleIn_0_d_q/ram_data_reg_1__10_   Startpoint: l_nutshell/axi4deint_1/deq/value_1_reg
221:  Endpoint: l_nutshell/buffer_3/bundleIn_0_d_q/ram_data_reg_1__9_   Startpoint: l_nutshell/axi4deint_1/deq/value_1_reg   Endpoint: l_nutshell/buffer_3/bundleIn_0_d_q/ram_data_reg_1__8_
222:  Startpoint: l_nutshell/axi4deint_1/deq/value_1_reg   Endpoint: l_nutshell/buffer_3/bundleIn_0_d_q/ram_data_reg_1__7_   Startpoint: l_nutshell/axi4deint_1/deq/value_1_reg
223:  Endpoint: l_nutshell/buffer_3/bundleIn_0_d_q/ram_data_reg_1__6_   Startpoint: l_nutshell/axi4deint_1/deq/value_1_reg   Endpoint: l_nutshell/buffer_3/bundleIn_0_d_q/ram_data_reg_1__5_
224:  Startpoint: l_nutshell/axi4deint_1/deq/value_1_reg   Endpoint: l_nutshell/buffer_3/bundleIn_0_d_q/ram_data_reg_1__4_   Startpoint: l_nutshell/axi4deint_1/deq/value_1_reg
225:  Endpoint: l_nutshell/buffer_3/bundleIn_0_d_q/ram_data_reg_1__3_   Startpoint: l_nutshell/axi4deint_1/deq/value_1_reg   Endpoint: l_nutshell/buffer_3/bundleIn_0_d_q/ram_data_reg_1__2_
226:  Startpoint: l_nutshell/axi4deint_1/deq/value_1_reg   Endpoint: l_nutshell/buffer_3/bundleIn_0_d_q/ram_data_reg_1__1_   Startpoint: l_nutshell/axi4deint_1/deq/value_1_reg
227:  Endpoint: l_nutshell/buffer_3/bundleIn_0_d_q/ram_data_reg_1__0_   Startpoint: l_nutshell/axi4deint_1/deq/value_1_reg   Endpoint: l_nutshell/buffer_3/bundleIn_0_d_q/ram_data_reg_0__27_
228:  Startpoint: l_nutshell/axi4deint_1/deq/value_1_reg   Endpoint: l_nutshell/buffer_3/bundleIn_0_d_q/ram_data_reg_0__26_   Startpoint: l_nutshell/axi4deint_1/deq/value_1_reg
229:  Endpoint: l_nutshell/buffer_3/bundleIn_0_d_q/ram_data_reg_0__25_   Startpoint: l_nutshell/axi4deint_1/deq/value_1_reg   Endpoint: l_nutshell/buffer_3/bundleIn_0_d_q/ram_data_reg_0__24_
230:  Startpoint: l_nutshell/axi4deint_1/deq/value_1_reg   Endpoint: l_nutshell/buffer_3/bundleIn_0_d_q/ram_data_reg_0__23_   Startpoint: l_nutshell/axi4deint_1/deq/value_1_reg
231:  Endpoint: l_nutshell/buffer_3/bundleIn_0_d_q/ram_data_reg_0__22_   Startpoint: l_nutshell/axi4deint_1/deq/value_1_reg   Endpoint: l_nutshell/buffer_3/bundleIn_0_d_q/ram_data_reg_0__21_
232:  Startpoint: l_nutshell/axi4deint_1/deq/value_1_reg   Endpoint: l_nutshell/buffer_3/bundleIn_0_d_q/ram_data_reg_0__20_   Startpoint: l_nutshell/axi4deint_1/deq/value_1_reg
233:  Endpoint: l_nutshell/buffer_3/bundleIn_0_d_q/ram_data_reg_0__19_   Startpoint: l_nutshell/axi4deint_1/deq/value_1_reg   Endpoint: l_nutshell/buffer_3/bundleIn_0_d_q/ram_data_reg_0__18_
234:  Startpoint: l_nutshell/axi4deint_1/deq/value_1_reg   Endpoint: l_nutshell/buffer_3/bundleIn_0_d_q/ram_data_reg_0__17_   Startpoint: l_nutshell/axi4deint_1/deq/value_1_reg
235:  Endpoint: l_nutshell/buffer_3/bundleIn_0_d_q/ram_data_reg_0__16_   Startpoint: l_nutshell/axi4deint_1/deq/value_1_reg   Endpoint: l_nutshell/buffer_3/bundleIn_0_d_q/ram_data_reg_0__15_
236:  Startpoint: l_nutshell/axi4deint_1/deq/value_1_reg   Endpoint: l_nutshell/buffer_3/bundleIn_0_d_q/ram_data_reg_0__14_   Startpoint: l_nutshell/axi4deint_1/deq/value_1_reg
237:  Endpoint: l_nutshell/buffer_3/bundleIn_0_d_q/ram_data_reg_0__13_   Startpoint: l_nutshell/axi4deint_1/deq/value_1_reg   Endpoint: l_nutshell/buffer_3/bundleIn_0_d_q/ram_data_reg_0__12_
238:  Startpoint: l_nutshell/axi4deint_1/deq/value_1_reg   Endpoint: l_nutshell/buffer_3/bundleIn_0_d_q/ram_data_reg_0__11_   Startpoint: l_nutshell/axi4deint_1/deq/value_1_reg
239:  Endpoint: l_nutshell/buffer_3/bundleIn_0_d_q/ram_data_reg_0__10_   Startpoint: l_nutshell/axi4deint_1/deq/value_1_reg   Endpoint: l_nutshell/buffer_3/bundleIn_0_d_q/ram_data_reg_0__9_
240:  Startpoint: l_nutshell/axi4deint_1/deq/value_1_reg   Endpoint: l_nutshell/buffer_3/bundleIn_0_d_q/ram_data_reg_0__8_   Startpoint: l_nutshell/axi4deint_1/deq/value_1_reg
241:  Endpoint: l_nutshell/buffer_3/bundleIn_0_d_q/ram_data_reg_0__7_   Startpoint: l_nutshell/axi4deint_1/deq/value_1_reg   Endpoint: l_nutshell/buffer_3/bundleIn_0_d_q/ram_data_reg_0__6_
242:  Startpoint: l_nutshell/axi4deint_1/deq/value_1_reg   Endpoint: l_nutshell/buffer_3/bundleIn_0_d_q/ram_data_reg_0__5_   Startpoint: l_nutshell/axi4deint_1/deq/value_1_reg
243:  Endpoint: l_nutshell/buffer_3/bundleIn_0_d_q/ram_data_reg_0__4_   Startpoint: l_nutshell/axi4deint_1/deq/value_1_reg   Endpoint: l_nutshell/buffer_3/bundleIn_0_d_q/ram_data_reg_0__3_
244:  Startpoint: l_nutshell/axi4deint_1/deq/value_1_reg   Endpoint: l_nutshell/buffer_3/bundleIn_0_d_q/ram_data_reg_0__2_   Startpoint: l_nutshell/axi4deint_1/deq/value_1_reg
245:  Endpoint: l_nutshell/buffer_3/bundleIn_0_d_q/ram_data_reg_0__1_   Startpoint: l_nutshell/axi4deint_1/deq/value_1_reg   Endpoint: l_nutshell/buffer_3/bundleIn_0_d_q/ram_data_reg_0__0_
247:  Endpoint: l_nutshell/buffer_1/bundleIn_0_bq/ram_data_reg_0__0_   Startpoint: l_nutshell/axi4deint_1/deq/value_1_reg   Endpoint: l_nutshell/tl2axi4_1/b_delay_reg_0_
248:  Startpoint: l_nutshell/axi4deint/deq/value_1_reg   Endpoint: l_nutshell/axi4deint/deq/ram_id_reg_0__4_   Startpoint: l_nutshell/axi4deint/deq/value_1_reg
249:  Endpoint: l_nutshell/axi4deint/deq/ram_id_reg_0__3_   Startpoint: l_nutshell/axi4deint/deq/value_1_reg   Endpoint: l_nutshell/axi4deint/deq/ram_id_reg_0__2_
250:  Startpoint: l_nutshell/axi4deint/deq/value_1_reg   Endpoint: l_nutshell/axi4deint/deq/ram_id_reg_0__1_   Startpoint: l_nutshell/axi4deint/deq/value_1_reg
251:  Endpoint: l_nutshell/axi4deint/deq/ram_data_reg_0__0_   Startpoint: l_nutshell/axi4deint/deq/value_1_reg   Endpoint: l_nutshell/axi4deint/deq/ram_data_reg_0__63_
252:  Startpoint: l_nutshell/axi4deint/deq/value_1_reg   Endpoint: l_nutshell/axi4deint/deq/ram_data_reg_0__62_   Startpoint: l_nutshell/axi4deint/deq/value_1_reg
253:  Endpoint: l_nutshell/axi4deint/deq/ram_data_reg_0__61_   Startpoint: l_nutshell/axi4deint/deq/value_1_reg   Endpoint: l_nutshell/axi4deint/deq/ram_data_reg_0__60_
254:  Startpoint: l_nutshell/axi4deint/deq/value_1_reg   Endpoint: l_nutshell/axi4deint/deq/ram_data_reg_0__59_   Startpoint: l_nutshell/axi4deint/deq/value_1_reg
255:  Endpoint: l_nutshell/axi4deint/deq/ram_data_reg_0__58_   Startpoint: l_nutshell/axi4deint/deq/value_1_reg   Endpoint: l_nutshell/axi4deint/deq/ram_data_reg_0__57_
256:  Startpoint: l_nutshell/axi4deint/deq/value_1_reg   Endpoint: l_nutshell/axi4deint/deq/ram_data_reg_0__56_   Startpoint: l_nutshell/axi4deint/deq/value_1_reg
257:  Endpoint: l_nutshell/axi4deint/deq/ram_data_reg_0__55_   Startpoint: l_nutshell/axi4deint/deq/value_1_reg   Endpoint: l_nutshell/axi4deint/deq/ram_data_reg_0__54_
258:  Startpoint: l_nutshell/axi4deint/deq/value_1_reg   Endpoint: l_nutshell/axi4deint/deq/ram_data_reg_0__53_   Startpoint: l_nutshell/axi4deint/deq/value_1_reg
259:  Endpoint: l_nutshell/axi4deint/deq/ram_data_reg_0__52_   Startpoint: l_nutshell/axi4deint/deq/value_1_reg   Endpoint: l_nutshell/axi4deint/deq/ram_data_reg_0__51_
260:  Startpoint: l_nutshell/axi4deint/deq/value_1_reg   Endpoint: l_nutshell/axi4deint/deq/ram_data_reg_0__50_   Startpoint: l_nutshell/axi4deint/deq/value_1_reg
261:  Endpoint: l_nutshell/axi4deint/deq/ram_data_reg_0__49_   Startpoint: l_nutshell/axi4deint/deq/value_1_reg   Endpoint: l_nutshell/axi4deint/deq/ram_data_reg_0__48_
262:  Startpoint: l_nutshell/axi4deint/deq/value_1_reg   Endpoint: l_nutshell/axi4deint/deq/ram_data_reg_0__47_   Startpoint: l_nutshell/axi4deint/deq/value_1_reg
263:  Endpoint: l_nutshell/axi4deint/deq/ram_data_reg_0__46_   Startpoint: l_nutshell/axi4deint/deq/value_1_reg   Endpoint: l_nutshell/axi4deint/deq/ram_data_reg_0__45_
264:  Startpoint: l_nutshell/axi4deint/deq/value_1_reg   Endpoint: l_nutshell/axi4deint/deq/ram_data_reg_0__44_   Startpoint: l_nutshell/axi4deint/deq/value_1_reg
265:  Endpoint: l_nutshell/axi4deint/deq/ram_data_reg_0__43_   Startpoint: l_nutshell/axi4deint/deq/value_1_reg   Endpoint: l_nutshell/axi4deint/deq/ram_data_reg_0__42_
266:  Startpoint: l_nutshell/axi4deint/deq/value_1_reg   Endpoint: l_nutshell/axi4deint/deq/ram_data_reg_0__41_   Startpoint: l_nutshell/axi4deint/deq/value_1_reg
267:  Endpoint: l_nutshell/axi4deint/deq/ram_data_reg_0__40_   Startpoint: l_nutshell/axi4deint/deq/value_1_reg   Endpoint: l_nutshell/axi4deint/deq/ram_data_reg_0__39_
268:  Startpoint: l_nutshell/axi4deint/deq/value_1_reg   Endpoint: l_nutshell/axi4deint/deq/ram_data_reg_0__38_   Startpoint: l_nutshell/axi4deint/deq/value_1_reg
269:  Endpoint: l_nutshell/axi4deint/deq/ram_data_reg_0__37_   Startpoint: l_nutshell/axi4deint/deq/value_1_reg   Endpoint: l_nutshell/axi4deint/deq/ram_data_reg_0__36_
270:  Startpoint: l_nutshell/axi4deint/deq/value_1_reg   Endpoint: l_nutshell/axi4deint/deq/ram_data_reg_0__35_   Startpoint: l_nutshell/axi4deint/deq/value_1_reg
271:  Endpoint: l_nutshell/axi4deint/deq/ram_data_reg_0__34_   Startpoint: l_nutshell/axi4deint/deq/value_1_reg   Endpoint: l_nutshell/axi4deint/deq/ram_data_reg_0__33_
272:  Startpoint: l_nutshell/axi4deint/deq/value_1_reg   Endpoint: l_nutshell/axi4deint/deq/ram_data_reg_0__32_   Startpoint: l_nutshell/axi4deint/deq/value_1_reg
273:  Endpoint: l_nutshell/axi4deint/deq/ram_data_reg_0__31_   Startpoint: l_nutshell/axi4deint/deq/value_1_reg   Endpoint: l_nutshell/axi4deint/deq/ram_data_reg_0__30_
274:  Startpoint: l_nutshell/axi4deint/deq/value_1_reg   Endpoint: l_nutshell/axi4deint/deq/ram_data_reg_0__29_   Startpoint: l_nutshell/axi4deint/deq/value_1_reg
275:  Endpoint: l_nutshell/axi4deint/deq/ram_data_reg_0__28_   Startpoint: l_nutshell/axi4deint/deq/value_1_reg   Endpoint: l_nutshell/axi4deint/deq/ram_data_reg_0__27_
276:  Startpoint: l_nutshell/axi4deint/deq/value_1_reg   Endpoint: l_nutshell/axi4deint/deq/ram_data_reg_0__26_   Startpoint: l_nutshell/axi4deint/deq/value_1_reg
277:  Endpoint: l_nutshell/axi4deint/deq/ram_data_reg_0__25_   Startpoint: l_nutshell/axi4deint/deq/value_1_reg   Endpoint: l_nutshell/axi4deint/deq/ram_data_reg_0__24_
278:  Startpoint: l_nutshell/axi4deint/deq/value_1_reg   Endpoint: l_nutshell/axi4deint/deq/ram_data_reg_0__23_   Startpoint: l_nutshell/axi4deint/deq/value_1_reg
279:  Endpoint: l_nutshell/axi4deint/deq/ram_data_reg_0__22_   Startpoint: l_nutshell/axi4deint/deq/value_1_reg   Endpoint: l_nutshell/axi4deint/deq/ram_data_reg_0__21_
280:  Startpoint: l_nutshell/axi4deint/deq/value_1_reg   Endpoint: l_nutshell/axi4deint/deq/ram_data_reg_0__20_   Startpoint: l_nutshell/axi4deint/deq/value_1_reg
281:  Endpoint: l_nutshell/axi4deint/deq/ram_data_reg_0__19_   Startpoint: l_nutshell/axi4deint/deq/value_1_reg   Endpoint: l_nutshell/axi4deint/deq/ram_data_reg_0__18_
282:  Startpoint: l_nutshell/axi4deint/deq/value_1_reg   Endpoint: l_nutshell/axi4deint/deq/ram_data_reg_0__17_   Startpoint: l_nutshell/axi4deint/deq/value_1_reg
283:  Endpoint: l_nutshell/axi4deint/deq/ram_data_reg_0__16_   Startpoint: l_nutshell/axi4deint/deq/value_1_reg   Endpoint: l_nutshell/axi4deint/deq/ram_data_reg_0__15_
284:  Startpoint: l_nutshell/axi4deint/deq/value_1_reg   Endpoint: l_nutshell/axi4deint/deq/ram_data_reg_0__14_   Startpoint: l_nutshell/axi4deint/deq/value_1_reg
285:  Endpoint: l_nutshell/axi4deint/deq/ram_data_reg_0__13_   Startpoint: l_nutshell/axi4deint/deq/value_1_reg   Endpoint: l_nutshell/axi4deint/deq/ram_data_reg_0__12_
286:  Startpoint: l_nutshell/axi4deint/deq/value_1_reg   Endpoint: l_nutshell/axi4deint/deq/ram_data_reg_0__11_   Startpoint: l_nutshell/axi4deint/deq/value_1_reg
287:  Endpoint: l_nutshell/axi4deint/deq/ram_data_reg_0__10_   Startpoint: l_nutshell/axi4deint/deq/value_1_reg   Endpoint: l_nutshell/axi4deint/deq/ram_data_reg_0__9_
288:  Startpoint: l_nutshell/axi4deint/deq/value_1_reg   Endpoint: l_nutshell/axi4deint/deq/ram_data_reg_0__8_   Startpoint: l_nutshell/axi4deint/deq/value_1_reg
289:  Endpoint: l_nutshell/axi4deint/deq/ram_data_reg_0__7_   Startpoint: l_nutshell/axi4deint/deq/value_1_reg   Endpoint: l_nutshell/axi4deint/deq/ram_data_reg_0__6_
290:  Startpoint: l_nutshell/axi4deint/deq/value_1_reg   Endpoint: l_nutshell/axi4deint/deq/ram_data_reg_0__5_   Startpoint: l_nutshell/axi4deint/deq/value_1_reg
291:  Endpoint: l_nutshell/axi4deint/deq/ram_data_reg_0__4_   Startpoint: l_nutshell/axi4deint/deq/value_1_reg   Endpoint: l_nutshell/axi4deint/deq/ram_data_reg_0__3_
292:  Startpoint: l_nutshell/axi4deint/deq/value_1_reg   Endpoint: l_nutshell/axi4deint/deq/ram_data_reg_0__2_   Startpoint: l_nutshell/axi4deint/deq/value_1_reg
293:  Endpoint: l_nutshell/axi4deint/deq/ram_data_reg_0__1_   Startpoint: l_nutshell/axi4deint/deq/value_1_reg   Endpoint: l_nutshell/axi4deint/deq/ram_resp_reg_0__0_
294:  Startpoint: l_nutshell/axi4deint/deq/value_1_reg   Endpoint: l_nutshell/axi4deint/deq/ram_resp_reg_0__1_   Startpoint: l_nutshell/axi4deint/deq/value_1_reg
295:  Endpoint: l_nutshell/axi4deint/deq/ram_echo_tl_state_size_reg_0__2_   Startpoint: l_nutshell/axi4deint/deq/value_1_reg   Endpoint: l_nutshell/axi4deint/deq/ram_echo_tl_state_size_reg_0__1_
296:  Startpoint: l_nutshell/axi4deint/deq/value_1_reg   Endpoint: l_nutshell/axi4deint/deq/ram_echo_tl_state_source_reg_0__0_   Startpoint: l_nutshell/axi4deint/deq/value_1_reg
297:  Endpoint: l_nutshell/axi4deint/deq/ram_echo_tl_state_source_reg_0__4_   Startpoint: l_nutshell/axi4deint/deq/value_1_reg   Endpoint: l_nutshell/axi4deint/deq/ram_echo_tl_state_source_reg_0__3_
298:  Startpoint: l_nutshell/axi4deint/deq/value_1_reg   Endpoint: l_nutshell/axi4deint/deq/ram_echo_tl_state_source_reg_0__2_   Startpoint: l_nutshell/axi4deint/deq/value_1_reg
299:  Endpoint: l_nutshell/axi4deint/deq/ram_echo_tl_state_source_reg_0__1_   Startpoint: l_nutshell/axi4deint/deq/value_1_reg   Endpoint: l_nutshell/axi4deint/deq/ram_last_reg_0_
300:  Startpoint: l_nutshell/axi4deint/deq/value_1_reg   Endpoint: l_nutshell/axi4deint/deq/value_reg   Startpoint: l_nutshell/buffer/bundleOut_0_c_q/value_1_reg
301:  Startpoint: l_nutshell/axi4deint_1/deq/value_1_reg   Endpoint: l_nutshell/tl2axi4_1/b_delay_reg_2_   Startpoint: l_nutshell/core_with_l2_1/nutcore/uncache/state_reg_0_
302:  Startpoint: l_nutshell/axi4deint_1/deq/value_1_reg   Endpoint: l_nutshell/axi4deint_1/deq/POWERGATING_clock_N11_5/latch   Startpoint: l_nutshell/axi4deint_1/deq/value_1_reg
303:  Endpoint: l_nutshell/axi4deint_1/deq/POWERGATING_clock_N11_4/latch   Startpoint: l_nutshell/axi4deint_1/deq/value_1_reg   Endpoint: l_nutshell/axi4deint_1/deq/POWERGATING_clock_N11_0/latch
304:  Startpoint: l_nutshell/axi4deint_1/deq/value_1_reg   Endpoint: l_nutshell/axi4deint_1/deq/POWERGATING_clock_N10_5/latch   Startpoint: l_nutshell/axi4deint_1/deq/value_1_reg
305:  Endpoint: l_nutshell/axi4deint_1/deq/POWERGATING_clock_N10_4/latch   Startpoint: l_nutshell/axi4deint_1/deq/value_1_reg   Endpoint: l_nutshell/axi4deint_1/deq/POWERGATING_clock_N10_0/latch
331:  Startpoint: l_nutshell/axi4deint_1/deq/value_1_reg   Endpoint: l_nutshell/buffer_3/bundleIn_0_d_q/ram_data_reg_1__63_   Startpoint: l_nutshell/axi4deint_1/deq/value_1_reg
332:  Endpoint: l_nutshell/buffer_3/bundleIn_0_d_q/ram_data_reg_1__62_   Startpoint: l_nutshell/axi4deint_1/deq/value_1_reg   Endpoint: l_nutshell/buffer_3/bundleIn_0_d_q/ram_data_reg_1__61_
333:  Startpoint: l_nutshell/axi4deint_1/deq/value_1_reg   Endpoint: l_nutshell/buffer_3/bundleIn_0_d_q/ram_data_reg_1__60_   Startpoint: l_nutshell/axi4deint_1/deq/value_1_reg
334:  Endpoint: l_nutshell/buffer_3/bundleIn_0_d_q/ram_data_reg_1__59_   Startpoint: l_nutshell/axi4deint_1/deq/value_1_reg   Endpoint: l_nutshell/buffer_3/bundleIn_0_d_q/ram_data_reg_1__58_
335:  Startpoint: l_nutshell/axi4deint_1/deq/value_1_reg   Endpoint: l_nutshell/buffer_3/bundleIn_0_d_q/ram_data_reg_1__57_   Startpoint: l_nutshell/axi4deint_1/deq/value_1_reg
336:  Endpoint: l_nutshell/buffer_3/bundleIn_0_d_q/ram_data_reg_1__56_   Startpoint: l_nutshell/axi4deint_1/deq/value_1_reg   Endpoint: l_nutshell/buffer_3/bundleIn_0_d_q/ram_data_reg_1__55_
337:  Startpoint: l_nutshell/axi4deint_1/deq/value_1_reg   Endpoint: l_nutshell/buffer_3/bundleIn_0_d_q/ram_data_reg_1__54_   Startpoint: l_nutshell/axi4deint_1/deq/value_1_reg
338:  Endpoint: l_nutshell/buffer_3/bundleIn_0_d_q/ram_data_reg_1__53_   Startpoint: l_nutshell/axi4deint_1/deq/value_1_reg   Endpoint: l_nutshell/buffer_3/bundleIn_0_d_q/ram_data_reg_1__52_
339:  Startpoint: l_nutshell/axi4deint_1/deq/value_1_reg   Endpoint: l_nutshell/buffer_3/bundleIn_0_d_q/ram_data_reg_1__51_   Startpoint: l_nutshell/axi4deint_1/deq/value_1_reg
340:  Endpoint: l_nutshell/buffer_3/bundleIn_0_d_q/ram_data_reg_1__50_   Startpoint: l_nutshell/axi4deint_1/deq/value_1_reg   Endpoint: l_nutshell/buffer_3/bundleIn_0_d_q/ram_data_reg_1__49_
341:  Startpoint: l_nutshell/axi4deint_1/deq/value_1_reg   Endpoint: l_nutshell/buffer_3/bundleIn_0_d_q/ram_data_reg_1__48_   Startpoint: l_nutshell/axi4deint_1/deq/value_1_reg
342:  Endpoint: l_nutshell/buffer_3/bundleIn_0_d_q/ram_data_reg_1__47_   Startpoint: l_nutshell/axi4deint_1/deq/value_1_reg   Endpoint: l_nutshell/buffer_3/bundleIn_0_d_q/ram_data_reg_1__46_
343:  Startpoint: l_nutshell/axi4deint_1/deq/value_1_reg   Endpoint: l_nutshell/buffer_3/bundleIn_0_d_q/ram_data_reg_1__45_   Startpoint: l_nutshell/axi4deint_1/deq/value_1_reg
344:  Endpoint: l_nutshell/buffer_3/bundleIn_0_d_q/ram_data_reg_1__44_   Startpoint: l_nutshell/axi4deint_1/deq/value_1_reg   Endpoint: l_nutshell/buffer_3/bundleIn_0_d_q/ram_data_reg_1__43_
345:  Startpoint: l_nutshell/axi4deint_1/deq/value_1_reg   Endpoint: l_nutshell/buffer_3/bundleIn_0_d_q/ram_data_reg_1__42_   Startpoint: l_nutshell/axi4deint_1/deq/value_1_reg
346:  Endpoint: l_nutshell/buffer_3/bundleIn_0_d_q/ram_data_reg_1__41_   Startpoint: l_nutshell/axi4deint_1/deq/value_1_reg   Endpoint: l_nutshell/buffer_3/bundleIn_0_d_q/ram_data_reg_1__40_
347:  Startpoint: l_nutshell/axi4deint_1/deq/value_1_reg   Endpoint: l_nutshell/buffer_3/bundleIn_0_d_q/ram_data_reg_1__39_   Startpoint: l_nutshell/axi4deint_1/deq/value_1_reg
348:  Endpoint: l_nutshell/buffer_3/bundleIn_0_d_q/ram_data_reg_1__38_   Startpoint: l_nutshell/axi4deint_1/deq/value_1_reg   Endpoint: l_nutshell/buffer_3/bundleIn_0_d_q/ram_data_reg_1__37_
349:  Startpoint: l_nutshell/axi4deint_1/deq/value_1_reg   Endpoint: l_nutshell/buffer_3/bundleIn_0_d_q/ram_data_reg_1__36_   Startpoint: l_nutshell/axi4deint_1/deq/value_1_reg
350:  Endpoint: l_nutshell/buffer_3/bundleIn_0_d_q/ram_data_reg_1__35_   Startpoint: l_nutshell/axi4deint_1/deq/value_1_reg   Endpoint: l_nutshell/buffer_3/bundleIn_0_d_q/ram_data_reg_1__34_
351:  Startpoint: l_nutshell/axi4deint_1/deq/value_1_reg   Endpoint: l_nutshell/buffer_3/bundleIn_0_d_q/ram_data_reg_1__33_   Startpoint: l_nutshell/axi4deint_1/deq/value_1_reg
352:  Endpoint: l_nutshell/buffer_3/bundleIn_0_d_q/ram_data_reg_1__32_   Startpoint: l_nutshell/axi4deint_1/deq/value_1_reg   Endpoint: l_nutshell/buffer_3/bundleIn_0_d_q/ram_data_reg_1__31_
353:  Startpoint: l_nutshell/axi4deint_1/deq/value_1_reg   Endpoint: l_nutshell/buffer_3/bundleIn_0_d_q/ram_data_reg_1__30_   Startpoint: l_nutshell/axi4deint_1/deq/value_1_reg
354:  Endpoint: l_nutshell/buffer_3/bundleIn_0_d_q/ram_data_reg_0__63_   Startpoint: l_nutshell/axi4deint_1/deq/value_1_reg   Endpoint: l_nutshell/buffer_3/bundleIn_0_d_q/ram_data_reg_0__62_
355:  Startpoint: l_nutshell/axi4deint_1/deq/value_1_reg   Endpoint: l_nutshell/buffer_3/bundleIn_0_d_q/ram_data_reg_0__61_   Startpoint: l_nutshell/axi4deint_1/deq/value_1_reg
356:  Endpoint: l_nutshell/buffer_3/bundleIn_0_d_q/ram_data_reg_0__60_   Startpoint: l_nutshell/axi4deint_1/deq/value_1_reg   Endpoint: l_nutshell/buffer_3/bundleIn_0_d_q/ram_data_reg_0__59_
357:  Startpoint: l_nutshell/axi4deint_1/deq/value_1_reg   Endpoint: l_nutshell/buffer_3/bundleIn_0_d_q/ram_data_reg_0__58_   Startpoint: l_nutshell/axi4deint_1/deq/value_1_reg
358:  Endpoint: l_nutshell/buffer_3/bundleIn_0_d_q/ram_data_reg_0__57_   Startpoint: l_nutshell/axi4deint_1/deq/value_1_reg   Endpoint: l_nutshell/buffer_3/bundleIn_0_d_q/ram_data_reg_0__56_
359:  Startpoint: l_nutshell/axi4deint_1/deq/value_1_reg   Endpoint: l_nutshell/buffer_3/bundleIn_0_d_q/ram_data_reg_0__55_   Startpoint: l_nutshell/axi4deint_1/deq/value_1_reg
360:  Endpoint: l_nutshell/buffer_3/bundleIn_0_d_q/ram_data_reg_0__54_   Startpoint: l_nutshell/axi4deint_1/deq/value_1_reg   Endpoint: l_nutshell/buffer_3/bundleIn_0_d_q/ram_data_reg_0__53_
361:  Startpoint: l_nutshell/axi4deint_1/deq/value_1_reg   Endpoint: l_nutshell/buffer_3/bundleIn_0_d_q/ram_data_reg_0__52_   Startpoint: l_nutshell/axi4deint_1/deq/value_1_reg
362:  Endpoint: l_nutshell/buffer_3/bundleIn_0_d_q/ram_data_reg_0__51_   Startpoint: l_nutshell/axi4deint_1/deq/value_1_reg   Endpoint: l_nutshell/buffer_3/bundleIn_0_d_q/ram_data_reg_0__50_
363:  Startpoint: l_nutshell/axi4deint_1/deq/value_1_reg   Endpoint: l_nutshell/buffer_3/bundleIn_0_d_q/ram_data_reg_0__49_   Startpoint: l_nutshell/axi4deint_1/deq/value_1_reg
364:  Endpoint: l_nutshell/buffer_3/bundleIn_0_d_q/ram_data_reg_0__48_   Startpoint: l_nutshell/axi4deint_1/deq/value_1_reg   Endpoint: l_nutshell/buffer_3/bundleIn_0_d_q/ram_data_reg_0__47_
365:  Startpoint: l_nutshell/axi4deint_1/deq/value_1_reg   Endpoint: l_nutshell/buffer_3/bundleIn_0_d_q/ram_data_reg_0__46_   Startpoint: l_nutshell/axi4deint_1/deq/value_1_reg
366:  Endpoint: l_nutshell/buffer_3/bundleIn_0_d_q/ram_data_reg_0__45_   Startpoint: l_nutshell/axi4deint_1/deq/value_1_reg   Endpoint: l_nutshell/buffer_3/bundleIn_0_d_q/ram_data_reg_0__44_
367:  Startpoint: l_nutshell/axi4deint_1/deq/value_1_reg   Endpoint: l_nutshell/buffer_3/bundleIn_0_d_q/ram_data_reg_0__43_   Startpoint: l_nutshell/axi4deint_1/deq/value_1_reg
368:  Endpoint: l_nutshell/buffer_3/bundleIn_0_d_q/ram_data_reg_0__42_   Startpoint: l_nutshell/axi4deint_1/deq/value_1_reg   Endpoint: l_nutshell/buffer_3/bundleIn_0_d_q/ram_data_reg_0__41_
369:  Startpoint: l_nutshell/axi4deint_1/deq/value_1_reg   Endpoint: l_nutshell/buffer_3/bundleIn_0_d_q/ram_data_reg_0__40_   Startpoint: l_nutshell/axi4deint_1/deq/value_1_reg
370:  Endpoint: l_nutshell/buffer_3/bundleIn_0_d_q/ram_data_reg_0__39_   Startpoint: l_nutshell/axi4deint_1/deq/value_1_reg   Endpoint: l_nutshell/buffer_3/bundleIn_0_d_q/ram_data_reg_0__38_
371:  Startpoint: l_nutshell/axi4deint_1/deq/value_1_reg   Endpoint: l_nutshell/buffer_3/bundleIn_0_d_q/ram_data_reg_0__37_   Startpoint: l_nutshell/axi4deint_1/deq/value_1_reg
372:  Endpoint: l_nutshell/buffer_3/bundleIn_0_d_q/ram_data_reg_0__36_   Startpoint: l_nutshell/axi4deint_1/deq/value_1_reg   Endpoint: l_nutshell/buffer_3/bundleIn_0_d_q/ram_data_reg_0__35_
373:  Startpoint: l_nutshell/axi4deint_1/deq/value_1_reg   Endpoint: l_nutshell/buffer_3/bundleIn_0_d_q/ram_data_reg_0__34_   Startpoint: l_nutshell/axi4deint_1/deq/value_1_reg
374:  Endpoint: l_nutshell/buffer_3/bundleIn_0_d_q/ram_data_reg_0__33_   Startpoint: l_nutshell/axi4deint_1/deq/value_1_reg   Endpoint: l_nutshell/buffer_3/bundleIn_0_d_q/ram_data_reg_0__32_
375:  Startpoint: l_nutshell/axi4deint_1/deq/value_1_reg   Endpoint: l_nutshell/buffer_3/bundleIn_0_d_q/ram_data_reg_0__31_   Startpoint: l_nutshell/axi4deint_1/deq/value_1_reg
488:  Startpoint: l_nutshell/axi4deint/deq/value_1_reg   Endpoint: l_nutshell/axi4deint/deq/ram_id_reg_1__3_   Startpoint: l_nutshell/axi4deint/deq/value_1_reg
489:  Endpoint: l_nutshell/axi4deint/deq/ram_id_reg_1__2_   Startpoint: l_nutshell/axi4deint/deq/value_1_reg   Endpoint: l_nutshell/axi4deint/deq/ram_id_reg_1__1_
490:  Startpoint: l_nutshell/axi4deint/deq/value_1_reg   Endpoint: l_nutshell/axi4deint/deq/ram_data_reg_1__0_   Startpoint: l_nutshell/axi4deint/deq/value_1_reg
491:  Endpoint: l_nutshell/axi4deint/deq/ram_data_reg_1__63_   Startpoint: l_nutshell/axi4deint/deq/value_1_reg   Endpoint: l_nutshell/axi4deint/deq/ram_data_reg_1__62_
492:  Startpoint: l_nutshell/axi4deint/deq/value_1_reg   Endpoint: l_nutshell/axi4deint/deq/ram_data_reg_1__61_   Startpoint: l_nutshell/axi4deint/deq/value_1_reg
