14:  Startpoint: l_nutshell/axi4yank/QueueCompatibility_46/ram_tl_state_size_reg_0__1_   Endpoint: l_nutshell/tl2axi4/count_31_reg   slack (VIOLATED)                                                -0.0465
17:  Startpoint: l_nutshell/axi4yank/QueueCompatibility_46/ram_tl_state_size_reg_0__1_   Endpoint: l_nutshell/tl2axi4/count_30_reg   slack (VIOLATED)                                                -0.0412
26:  Startpoint: l_nutshell/axi4yank/QueueCompatibility_46/ram_tl_state_size_reg_0__1_   Endpoint: l_nutshell/widget/bundleIn_0_d_bits_data_rdata_0_reg_0_   Startpoint: l_nutshell/axi4yank/QueueCompatibility_46/ram_tl_state_size_reg_0__1_
27:  Endpoint: l_nutshell/widget/bundleIn_0_d_bits_data_rdata_0_reg_1_   Startpoint: l_nutshell/axi4yank/QueueCompatibility_46/ram_tl_state_size_reg_0__1_   Endpoint: l_nutshell/widget/bundleIn_0_d_bits_data_rdata_0_reg_2_
28:  Startpoint: l_nutshell/axi4yank/QueueCompatibility_46/ram_tl_state_size_reg_0__1_   Endpoint: l_nutshell/widget/bundleIn_0_d_bits_data_rdata_0_reg_3_   Startpoint: l_nutshell/axi4yank/QueueCompatibility_46/ram_tl_state_size_reg_0__1_
29:  Endpoint: l_nutshell/widget/bundleIn_0_d_bits_data_rdata_0_reg_4_   Startpoint: l_nutshell/axi4yank/QueueCompatibility_46/ram_tl_state_size_reg_0__1_   Endpoint: l_nutshell/widget/bundleIn_0_d_bits_data_rdata_0_reg_5_
30:  Startpoint: l_nutshell/axi4yank/QueueCompatibility_46/ram_tl_state_size_reg_0__1_   Endpoint: l_nutshell/widget/bundleIn_0_d_bits_data_rdata_0_reg_6_   Startpoint: l_nutshell/axi4yank/QueueCompatibility_46/ram_tl_state_size_reg_0__1_
31:  Endpoint: l_nutshell/widget/bundleIn_0_d_bits_data_rdata_0_reg_7_   Startpoint: l_nutshell/axi4yank/QueueCompatibility_46/ram_tl_state_size_reg_0__1_   Endpoint: l_nutshell/widget/bundleIn_0_d_bits_data_rdata_0_reg_8_
32:  Startpoint: l_nutshell/axi4yank/QueueCompatibility_46/ram_tl_state_size_reg_0__1_   Endpoint: l_nutshell/widget/bundleIn_0_d_bits_data_rdata_0_reg_9_   Startpoint: l_nutshell/axi4yank/QueueCompatibility_46/ram_tl_state_size_reg_0__1_
33:  Endpoint: l_nutshell/widget/bundleIn_0_d_bits_data_rdata_0_reg_10_   Startpoint: l_nutshell/axi4yank/QueueCompatibility_46/ram_tl_state_size_reg_0__1_   Endpoint: l_nutshell/widget/bundleIn_0_d_bits_data_rdata_0_reg_11_
34:  Startpoint: l_nutshell/axi4yank/QueueCompatibility_46/ram_tl_state_size_reg_0__1_   Endpoint: l_nutshell/widget/bundleIn_0_d_bits_data_rdata_0_reg_12_   Startpoint: l_nutshell/axi4yank/QueueCompatibility_46/ram_tl_state_size_reg_0__1_
35:  Endpoint: l_nutshell/widget/bundleIn_0_d_bits_data_rdata_0_reg_13_   Startpoint: l_nutshell/axi4yank/QueueCompatibility_46/ram_tl_state_size_reg_0__1_   Endpoint: l_nutshell/widget/bundleIn_0_d_bits_data_rdata_0_reg_14_
36:  Startpoint: l_nutshell/axi4yank/QueueCompatibility_46/ram_tl_state_size_reg_0__1_   Endpoint: l_nutshell/widget/bundleIn_0_d_bits_data_rdata_0_reg_15_   Startpoint: l_nutshell/axi4yank/QueueCompatibility_46/ram_tl_state_size_reg_0__1_
37:  Endpoint: l_nutshell/widget/bundleIn_0_d_bits_data_rdata_0_reg_16_   Startpoint: l_nutshell/axi4yank/QueueCompatibility_46/ram_tl_state_size_reg_0__1_   Endpoint: l_nutshell/widget/bundleIn_0_d_bits_data_rdata_0_reg_17_
38:  Startpoint: l_nutshell/axi4yank/QueueCompatibility_46/ram_tl_state_size_reg_0__1_   Endpoint: l_nutshell/widget/bundleIn_0_d_bits_data_rdata_0_reg_18_   Startpoint: l_nutshell/axi4yank/QueueCompatibility_46/ram_tl_state_size_reg_0__1_
39:  Endpoint: l_nutshell/widget/bundleIn_0_d_bits_data_rdata_0_reg_19_   Startpoint: l_nutshell/axi4yank/QueueCompatibility_46/ram_tl_state_size_reg_0__1_   Endpoint: l_nutshell/widget/bundleIn_0_d_bits_data_rdata_0_reg_20_
40:  Startpoint: l_nutshell/axi4yank/QueueCompatibility_46/ram_tl_state_size_reg_0__1_   Endpoint: l_nutshell/widget/bundleIn_0_d_bits_data_rdata_0_reg_21_   Startpoint: l_nutshell/axi4yank/QueueCompatibility_46/ram_tl_state_size_reg_0__1_
41:  Endpoint: l_nutshell/widget/bundleIn_0_d_bits_data_rdata_0_reg_22_   Startpoint: l_nutshell/axi4yank/QueueCompatibility_46/ram_tl_state_size_reg_0__1_   Endpoint: l_nutshell/widget/bundleIn_0_d_bits_data_rdata_0_reg_23_
42:  Startpoint: l_nutshell/axi4yank/QueueCompatibility_46/ram_tl_state_size_reg_0__1_   Endpoint: l_nutshell/widget/bundleIn_0_d_bits_data_rdata_0_reg_24_   Startpoint: l_nutshell/axi4yank/QueueCompatibility_46/ram_tl_state_size_reg_0__1_
43:  Endpoint: l_nutshell/widget/bundleIn_0_d_bits_data_rdata_0_reg_25_   Startpoint: l_nutshell/axi4yank/QueueCompatibility_46/ram_tl_state_size_reg_0__1_   Endpoint: l_nutshell/widget/bundleIn_0_d_bits_data_rdata_0_reg_26_
44:  Startpoint: l_nutshell/axi4yank/QueueCompatibility_46/ram_tl_state_size_reg_0__1_   Endpoint: l_nutshell/widget/bundleIn_0_d_bits_data_rdata_0_reg_27_   Startpoint: l_nutshell/axi4yank/QueueCompatibility_46/ram_tl_state_size_reg_0__1_
45:  Endpoint: l_nutshell/widget/bundleIn_0_d_bits_data_rdata_0_reg_28_   Startpoint: l_nutshell/axi4yank/QueueCompatibility_46/ram_tl_state_size_reg_0__1_   Endpoint: l_nutshell/widget/bundleIn_0_d_bits_data_rdata_0_reg_29_
46:  Startpoint: l_nutshell/axi4yank/QueueCompatibility_46/ram_tl_state_size_reg_0__1_   Endpoint: l_nutshell/widget/bundleIn_0_d_bits_data_rdata_0_reg_30_   Startpoint: l_nutshell/axi4yank/QueueCompatibility_46/ram_tl_state_size_reg_0__1_
47:  Endpoint: l_nutshell/widget/bundleIn_0_d_bits_data_rdata_0_reg_31_   Startpoint: l_nutshell/axi4yank/QueueCompatibility_46/ram_tl_state_size_reg_0__1_   Endpoint: l_nutshell/widget/bundleIn_0_d_bits_data_rdata_0_reg_32_
48:  Startpoint: l_nutshell/axi4yank/QueueCompatibility_46/ram_tl_state_size_reg_0__1_   Endpoint: l_nutshell/widget/bundleIn_0_d_bits_data_rdata_0_reg_33_   Startpoint: l_nutshell/axi4yank/QueueCompatibility_46/ram_tl_state_size_reg_0__1_
49:  Endpoint: l_nutshell/widget/bundleIn_0_d_bits_data_rdata_0_reg_34_   Startpoint: l_nutshell/axi4yank/QueueCompatibility_46/ram_tl_state_size_reg_0__1_   Endpoint: l_nutshell/widget/bundleIn_0_d_bits_data_rdata_0_reg_35_
50:  Startpoint: l_nutshell/axi4yank/QueueCompatibility_46/ram_tl_state_size_reg_0__1_   Endpoint: l_nutshell/widget/bundleIn_0_d_bits_data_rdata_0_reg_36_   Startpoint: l_nutshell/axi4yank/QueueCompatibility_46/ram_tl_state_size_reg_0__1_
51:  Endpoint: l_nutshell/widget/bundleIn_0_d_bits_data_rdata_0_reg_37_   Startpoint: l_nutshell/axi4yank/QueueCompatibility_46/ram_tl_state_size_reg_0__1_   Endpoint: l_nutshell/widget/bundleIn_0_d_bits_data_rdata_0_reg_38_
52:  Startpoint: l_nutshell/axi4yank/QueueCompatibility_46/ram_tl_state_size_reg_0__1_   Endpoint: l_nutshell/widget/bundleIn_0_d_bits_data_rdata_0_reg_39_   Startpoint: l_nutshell/axi4yank/QueueCompatibility_46/ram_tl_state_size_reg_0__1_
53:  Endpoint: l_nutshell/widget/bundleIn_0_d_bits_data_rdata_0_reg_40_   Startpoint: l_nutshell/axi4yank/QueueCompatibility_46/ram_tl_state_size_reg_0__1_   Endpoint: l_nutshell/widget/bundleIn_0_d_bits_data_rdata_0_reg_41_
54:  Startpoint: l_nutshell/axi4yank/QueueCompatibility_46/ram_tl_state_size_reg_0__1_   Endpoint: l_nutshell/widget/bundleIn_0_d_bits_data_rdata_0_reg_42_   Startpoint: l_nutshell/axi4yank/QueueCompatibility_46/ram_tl_state_size_reg_0__1_
55:  Endpoint: l_nutshell/widget/bundleIn_0_d_bits_data_rdata_0_reg_43_   Startpoint: l_nutshell/axi4yank/QueueCompatibility_46/ram_tl_state_size_reg_0__1_   Endpoint: l_nutshell/widget/bundleIn_0_d_bits_data_rdata_0_reg_44_
56:  Startpoint: l_nutshell/axi4yank/QueueCompatibility_46/ram_tl_state_size_reg_0__1_   Endpoint: l_nutshell/widget/bundleIn_0_d_bits_data_rdata_0_reg_45_   Startpoint: l_nutshell/axi4yank/QueueCompatibility_46/ram_tl_state_size_reg_0__1_
57:  Endpoint: l_nutshell/widget/bundleIn_0_d_bits_data_rdata_0_reg_46_   Startpoint: l_nutshell/axi4yank/QueueCompatibility_46/ram_tl_state_size_reg_0__1_   Endpoint: l_nutshell/widget/bundleIn_0_d_bits_data_rdata_0_reg_47_
58:  Startpoint: l_nutshell/axi4yank/QueueCompatibility_46/ram_tl_state_size_reg_0__1_   Endpoint: l_nutshell/widget/bundleIn_0_d_bits_data_rdata_0_reg_48_   Startpoint: l_nutshell/axi4yank/QueueCompatibility_46/ram_tl_state_size_reg_0__1_
59:  Endpoint: l_nutshell/widget/bundleIn_0_d_bits_data_rdata_0_reg_49_   Startpoint: l_nutshell/axi4yank/QueueCompatibility_46/ram_tl_state_size_reg_0__1_   Endpoint: l_nutshell/widget/bundleIn_0_d_bits_data_rdata_0_reg_50_
60:  Startpoint: l_nutshell/axi4yank/QueueCompatibility_46/ram_tl_state_size_reg_0__1_   Endpoint: l_nutshell/widget/bundleIn_0_d_bits_data_rdata_0_reg_51_   Startpoint: l_nutshell/axi4yank/QueueCompatibility_46/ram_tl_state_size_reg_0__1_
61:  Endpoint: l_nutshell/widget/bundleIn_0_d_bits_data_rdata_0_reg_53_   Startpoint: l_nutshell/axi4yank/QueueCompatibility_46/ram_tl_state_size_reg_0__1_   Endpoint: l_nutshell/widget/bundleIn_0_d_bits_data_rdata_0_reg_55_
62:  Startpoint: l_nutshell/axi4yank/QueueCompatibility_46/ram_tl_state_size_reg_0__1_   Endpoint: l_nutshell/widget/bundleIn_0_d_bits_data_rdata_0_reg_56_   Startpoint: l_nutshell/axi4yank/QueueCompatibility_46/ram_tl_state_size_reg_0__1_
63:  Endpoint: l_nutshell/widget/bundleIn_0_d_bits_data_rdata_0_reg_57_   Startpoint: l_nutshell/axi4yank/QueueCompatibility_46/ram_tl_state_size_reg_0__1_   Endpoint: l_nutshell/widget/bundleIn_0_d_bits_data_rdata_0_reg_58_
64:  Startpoint: l_nutshell/axi4yank/QueueCompatibility_46/ram_tl_state_size_reg_0__1_   Endpoint: l_nutshell/widget/bundleIn_0_d_bits_data_rdata_0_reg_59_   Startpoint: l_nutshell/axi4yank/QueueCompatibility_46/ram_tl_state_size_reg_0__1_
65:  Endpoint: l_nutshell/widget/bundleIn_0_d_bits_data_rdata_0_reg_60_   Startpoint: l_nutshell/axi4yank/QueueCompatibility_46/ram_tl_state_size_reg_0__1_   Endpoint: l_nutshell/widget/bundleIn_0_d_bits_data_rdata_0_reg_61_
66:  Startpoint: l_nutshell/axi4yank/QueueCompatibility_46/ram_tl_state_size_reg_0__1_   Endpoint: l_nutshell/widget/bundleIn_0_d_bits_data_rdata_0_reg_62_   Startpoint: l_nutshell/axi4yank/QueueCompatibility_46/ram_tl_state_size_reg_0__1_
67:  Endpoint: l_nutshell/widget/bundleIn_0_d_bits_data_rdata_0_reg_63_   Startpoint: l_nutshell/axi4yank/QueueCompatibility_46/ram_tl_state_size_reg_0__1_   Endpoint: l_nutshell/widget/bundleIn_0_d_bits_data_rdata_1_reg_0_
68:  Startpoint: l_nutshell/axi4yank/QueueCompatibility_46/ram_tl_state_size_reg_0__1_   Endpoint: l_nutshell/widget/bundleIn_0_d_bits_data_rdata_1_reg_1_   Startpoint: l_nutshell/axi4yank/QueueCompatibility_46/ram_tl_state_size_reg_0__1_
69:  Endpoint: l_nutshell/widget/bundleIn_0_d_bits_data_rdata_1_reg_2_   Startpoint: l_nutshell/axi4yank/QueueCompatibility_46/ram_tl_state_size_reg_0__1_   Endpoint: l_nutshell/widget/bundleIn_0_d_bits_data_rdata_1_reg_3_
70:  Startpoint: l_nutshell/axi4yank/QueueCompatibility_46/ram_tl_state_size_reg_0__1_   Endpoint: l_nutshell/widget/bundleIn_0_d_bits_data_rdata_1_reg_4_   Startpoint: l_nutshell/axi4yank/QueueCompatibility_46/ram_tl_state_size_reg_0__1_
71:  Endpoint: l_nutshell/widget/bundleIn_0_d_bits_data_rdata_1_reg_5_   Startpoint: l_nutshell/axi4yank/QueueCompatibility_46/ram_tl_state_size_reg_0__1_   Endpoint: l_nutshell/widget/bundleIn_0_d_bits_data_rdata_1_reg_6_
72:  Startpoint: l_nutshell/axi4yank/QueueCompatibility_46/ram_tl_state_size_reg_0__1_   Endpoint: l_nutshell/widget/bundleIn_0_d_bits_data_rdata_1_reg_7_   Startpoint: l_nutshell/axi4yank/QueueCompatibility_46/ram_tl_state_size_reg_0__1_
73:  Endpoint: l_nutshell/widget/bundleIn_0_d_bits_data_rdata_1_reg_8_   Startpoint: l_nutshell/axi4yank/QueueCompatibility_46/ram_tl_state_size_reg_0__1_   Endpoint: l_nutshell/widget/bundleIn_0_d_bits_data_rdata_1_reg_9_
74:  Startpoint: l_nutshell/axi4yank/QueueCompatibility_46/ram_tl_state_size_reg_0__1_   Endpoint: l_nutshell/widget/bundleIn_0_d_bits_data_rdata_1_reg_10_   Startpoint: l_nutshell/axi4yank/QueueCompatibility_46/ram_tl_state_size_reg_0__1_
75:  Endpoint: l_nutshell/widget/bundleIn_0_d_bits_data_rdata_1_reg_11_   Startpoint: l_nutshell/axi4yank/QueueCompatibility_46/ram_tl_state_size_reg_0__1_   Endpoint: l_nutshell/widget/bundleIn_0_d_bits_data_rdata_1_reg_12_
76:  Startpoint: l_nutshell/axi4yank/QueueCompatibility_46/ram_tl_state_size_reg_0__1_   Endpoint: l_nutshell/widget/bundleIn_0_d_bits_data_rdata_1_reg_13_   Startpoint: l_nutshell/axi4yank/QueueCompatibility_46/ram_tl_state_size_reg_0__1_
77:  Endpoint: l_nutshell/widget/bundleIn_0_d_bits_data_rdata_1_reg_14_   Startpoint: l_nutshell/axi4yank/QueueCompatibility_46/ram_tl_state_size_reg_0__1_   Endpoint: l_nutshell/widget/bundleIn_0_d_bits_data_rdata_1_reg_15_
78:  Startpoint: l_nutshell/axi4yank/QueueCompatibility_46/ram_tl_state_size_reg_0__1_   Endpoint: l_nutshell/widget/bundleIn_0_d_bits_data_rdata_1_reg_16_   Startpoint: l_nutshell/axi4yank/QueueCompatibility_46/ram_tl_state_size_reg_0__1_
79:  Endpoint: l_nutshell/widget/bundleIn_0_d_bits_data_rdata_1_reg_17_   Startpoint: l_nutshell/axi4yank/QueueCompatibility_46/ram_tl_state_size_reg_0__1_   Endpoint: l_nutshell/widget/bundleIn_0_d_bits_data_rdata_1_reg_18_
80:  Startpoint: l_nutshell/axi4yank/QueueCompatibility_46/ram_tl_state_size_reg_0__1_   Endpoint: l_nutshell/widget/bundleIn_0_d_bits_data_rdata_1_reg_19_   Startpoint: l_nutshell/axi4yank/QueueCompatibility_46/ram_tl_state_size_reg_0__1_
81:  Endpoint: l_nutshell/widget/bundleIn_0_d_bits_data_rdata_1_reg_20_   Startpoint: l_nutshell/axi4yank/QueueCompatibility_46/ram_tl_state_size_reg_0__1_   Endpoint: l_nutshell/widget/bundleIn_0_d_bits_data_rdata_1_reg_21_
82:  Startpoint: l_nutshell/axi4yank/QueueCompatibility_46/ram_tl_state_size_reg_0__1_   Endpoint: l_nutshell/widget/bundleIn_0_d_bits_data_rdata_1_reg_22_   Startpoint: l_nutshell/axi4yank/QueueCompatibility_46/ram_tl_state_size_reg_0__1_
83:  Endpoint: l_nutshell/widget/bundleIn_0_d_bits_data_rdata_1_reg_23_   Startpoint: l_nutshell/axi4yank/QueueCompatibility_46/ram_tl_state_size_reg_0__1_   Endpoint: l_nutshell/widget/bundleIn_0_d_bits_data_rdata_1_reg_24_
84:  Startpoint: l_nutshell/axi4yank/QueueCompatibility_46/ram_tl_state_size_reg_0__1_   Endpoint: l_nutshell/widget/bundleIn_0_d_bits_data_rdata_1_reg_25_   Startpoint: l_nutshell/axi4yank/QueueCompatibility_46/ram_tl_state_size_reg_0__1_
85:  Endpoint: l_nutshell/widget/bundleIn_0_d_bits_data_rdata_1_reg_26_   Startpoint: l_nutshell/axi4yank/QueueCompatibility_46/ram_tl_state_size_reg_0__1_   Endpoint: l_nutshell/widget/bundleIn_0_d_bits_data_rdata_1_reg_27_
86:  Startpoint: l_nutshell/axi4yank/QueueCompatibility_46/ram_tl_state_size_reg_0__1_   Endpoint: l_nutshell/widget/bundleIn_0_d_bits_data_rdata_1_reg_28_   Startpoint: l_nutshell/axi4yank/QueueCompatibility_46/ram_tl_state_size_reg_0__1_
87:  Endpoint: l_nutshell/widget/bundleIn_0_d_bits_data_rdata_1_reg_29_   Startpoint: l_nutshell/axi4yank/QueueCompatibility_46/ram_tl_state_size_reg_0__1_   Endpoint: l_nutshell/widget/bundleIn_0_d_bits_data_rdata_1_reg_30_
88:  Startpoint: l_nutshell/axi4yank/QueueCompatibility_46/ram_tl_state_size_reg_0__1_   Endpoint: l_nutshell/widget/bundleIn_0_d_bits_data_rdata_1_reg_31_   Startpoint: l_nutshell/axi4yank/QueueCompatibility_46/ram_tl_state_size_reg_0__1_
89:  Endpoint: l_nutshell/widget/bundleIn_0_d_bits_data_rdata_1_reg_32_   Startpoint: l_nutshell/axi4yank/QueueCompatibility_46/ram_tl_state_size_reg_0__1_   Endpoint: l_nutshell/widget/bundleIn_0_d_bits_data_rdata_1_reg_33_
90:  Startpoint: l_nutshell/axi4yank/QueueCompatibility_46/ram_tl_state_size_reg_0__1_   Endpoint: l_nutshell/widget/bundleIn_0_d_bits_data_rdata_1_reg_34_   Startpoint: l_nutshell/axi4yank/QueueCompatibility_46/ram_tl_state_size_reg_0__1_
91:  Endpoint: l_nutshell/widget/bundleIn_0_d_bits_data_rdata_1_reg_35_   Startpoint: l_nutshell/axi4yank/QueueCompatibility_46/ram_tl_state_size_reg_0__1_   Endpoint: l_nutshell/widget/bundleIn_0_d_bits_data_rdata_1_reg_36_
92:  Startpoint: l_nutshell/axi4yank/QueueCompatibility_46/ram_tl_state_size_reg_0__1_   Endpoint: l_nutshell/widget/bundleIn_0_d_bits_data_rdata_1_reg_37_   Startpoint: l_nutshell/axi4yank/QueueCompatibility_46/ram_tl_state_size_reg_0__1_
93:  Endpoint: l_nutshell/widget/bundleIn_0_d_bits_data_rdata_1_reg_38_   Startpoint: l_nutshell/axi4yank/QueueCompatibility_46/ram_tl_state_size_reg_0__1_   Endpoint: l_nutshell/widget/bundleIn_0_d_bits_data_rdata_1_reg_39_
94:  Startpoint: l_nutshell/axi4yank/QueueCompatibility_46/ram_tl_state_size_reg_0__1_   Endpoint: l_nutshell/widget/bundleIn_0_d_bits_data_rdata_1_reg_40_   Startpoint: l_nutshell/axi4yank/QueueCompatibility_46/ram_tl_state_size_reg_0__1_
95:  Endpoint: l_nutshell/widget/bundleIn_0_d_bits_data_rdata_1_reg_41_   Startpoint: l_nutshell/axi4yank/QueueCompatibility_46/ram_tl_state_size_reg_0__1_   Endpoint: l_nutshell/widget/bundleIn_0_d_bits_data_rdata_1_reg_42_
96:  Startpoint: l_nutshell/axi4yank/QueueCompatibility_46/ram_tl_state_size_reg_0__1_   Endpoint: l_nutshell/widget/bundleIn_0_d_bits_data_rdata_1_reg_43_   Startpoint: l_nutshell/axi4yank/QueueCompatibility_46/ram_tl_state_size_reg_0__1_
97:  Endpoint: l_nutshell/widget/bundleIn_0_d_bits_data_rdata_1_reg_44_   Startpoint: l_nutshell/axi4yank/QueueCompatibility_46/ram_tl_state_size_reg_0__1_   Endpoint: l_nutshell/widget/bundleIn_0_d_bits_data_rdata_1_reg_45_
98:  Startpoint: l_nutshell/axi4yank/QueueCompatibility_46/ram_tl_state_size_reg_0__1_   Endpoint: l_nutshell/widget/bundleIn_0_d_bits_data_rdata_1_reg_46_   Startpoint: l_nutshell/axi4yank/QueueCompatibility_46/ram_tl_state_size_reg_0__1_
99:  Endpoint: l_nutshell/widget/bundleIn_0_d_bits_data_rdata_1_reg_47_   Startpoint: l_nutshell/axi4yank/QueueCompatibility_46/ram_tl_state_size_reg_0__1_   Endpoint: l_nutshell/widget/bundleIn_0_d_bits_data_rdata_1_reg_48_
100:  Startpoint: l_nutshell/axi4yank/QueueCompatibility_46/ram_tl_state_size_reg_0__1_   Endpoint: l_nutshell/widget/bundleIn_0_d_bits_data_rdata_1_reg_49_   Startpoint: l_nutshell/axi4yank/QueueCompatibility_46/ram_tl_state_size_reg_0__1_
101:  Endpoint: l_nutshell/widget/bundleIn_0_d_bits_data_rdata_1_reg_50_   Startpoint: l_nutshell/axi4yank/QueueCompatibility_46/ram_tl_state_size_reg_0__1_   Endpoint: l_nutshell/widget/bundleIn_0_d_bits_data_rdata_1_reg_51_
102:  Startpoint: l_nutshell/axi4yank/QueueCompatibility_46/ram_tl_state_size_reg_0__1_   Endpoint: l_nutshell/widget/bundleIn_0_d_bits_data_rdata_1_reg_53_   Startpoint: l_nutshell/axi4yank/QueueCompatibility_46/ram_tl_state_size_reg_0__1_
103:  Endpoint: l_nutshell/widget/bundleIn_0_d_bits_data_rdata_1_reg_55_   Startpoint: l_nutshell/axi4yank/QueueCompatibility_46/ram_tl_state_size_reg_0__1_   Endpoint: l_nutshell/widget/bundleIn_0_d_bits_data_rdata_1_reg_56_
104:  Startpoint: l_nutshell/axi4yank/QueueCompatibility_46/ram_tl_state_size_reg_0__1_   Endpoint: l_nutshell/widget/bundleIn_0_d_bits_data_rdata_1_reg_57_   Startpoint: l_nutshell/axi4yank/QueueCompatibility_46/ram_tl_state_size_reg_0__1_
105:  Endpoint: l_nutshell/widget/bundleIn_0_d_bits_data_rdata_1_reg_58_   Startpoint: l_nutshell/axi4yank/QueueCompatibility_46/ram_tl_state_size_reg_0__1_   Endpoint: l_nutshell/widget/bundleIn_0_d_bits_data_rdata_1_reg_59_
106:  Startpoint: l_nutshell/axi4yank/QueueCompatibility_46/ram_tl_state_size_reg_0__1_   Endpoint: l_nutshell/widget/bundleIn_0_d_bits_data_rdata_1_reg_60_   Startpoint: l_nutshell/axi4yank/QueueCompatibility_46/ram_tl_state_size_reg_0__1_
107:  Endpoint: l_nutshell/widget/bundleIn_0_d_bits_data_rdata_1_reg_61_   Startpoint: l_nutshell/axi4yank/QueueCompatibility_46/ram_tl_state_size_reg_0__1_   Endpoint: l_nutshell/widget/bundleIn_0_d_bits_data_rdata_1_reg_62_
108:  Startpoint: l_nutshell/axi4yank/QueueCompatibility_46/ram_tl_state_size_reg_0__1_   Endpoint: l_nutshell/widget/bundleIn_0_d_bits_data_rdata_2_reg_1_   Startpoint: l_nutshell/axi4yank/QueueCompatibility_46/ram_tl_state_size_reg_0__1_
109:  Endpoint: l_nutshell/widget/bundleIn_0_d_bits_data_rdata_2_reg_2_   Startpoint: l_nutshell/axi4yank/QueueCompatibility_46/ram_tl_state_size_reg_0__1_   Endpoint: l_nutshell/widget/bundleIn_0_d_bits_data_rdata_2_reg_3_
110:  Startpoint: l_nutshell/axi4yank/QueueCompatibility_46/ram_tl_state_size_reg_0__1_   Endpoint: l_nutshell/widget/bundleIn_0_d_bits_data_rdata_2_reg_4_   Startpoint: l_nutshell/axi4yank/QueueCompatibility_46/ram_tl_state_size_reg_0__1_
111:  Endpoint: l_nutshell/widget/bundleIn_0_d_bits_data_rdata_2_reg_5_   Startpoint: l_nutshell/axi4yank/QueueCompatibility_46/ram_tl_state_size_reg_0__1_   Endpoint: l_nutshell/widget/bundleIn_0_d_bits_data_rdata_2_reg_6_
112:  Startpoint: l_nutshell/axi4yank/QueueCompatibility_46/ram_tl_state_size_reg_0__1_   Endpoint: l_nutshell/widget/bundleIn_0_d_bits_data_rdata_2_reg_7_   Startpoint: l_nutshell/axi4yank/QueueCompatibility_46/ram_tl_state_size_reg_0__1_
113:  Endpoint: l_nutshell/widget/bundleIn_0_d_bits_data_rdata_2_reg_8_   Startpoint: l_nutshell/axi4yank/QueueCompatibility_46/ram_tl_state_size_reg_0__1_   Endpoint: l_nutshell/widget/bundleIn_0_d_bits_data_rdata_2_reg_9_
114:  Startpoint: l_nutshell/axi4yank/QueueCompatibility_46/ram_tl_state_size_reg_0__1_   Endpoint: l_nutshell/widget/bundleIn_0_d_bits_data_rdata_2_reg_10_   Startpoint: l_nutshell/axi4yank/QueueCompatibility_46/ram_tl_state_size_reg_0__1_
115:  Endpoint: l_nutshell/widget/bundleIn_0_d_bits_data_rdata_2_reg_11_   Startpoint: l_nutshell/axi4yank/QueueCompatibility_46/ram_tl_state_size_reg_0__1_   Endpoint: l_nutshell/widget/bundleIn_0_d_bits_data_rdata_2_reg_12_
116:  Startpoint: l_nutshell/axi4yank/QueueCompatibility_46/ram_tl_state_size_reg_0__1_   Endpoint: l_nutshell/widget/bundleIn_0_d_bits_data_rdata_2_reg_13_   Startpoint: l_nutshell/axi4yank/QueueCompatibility_46/ram_tl_state_size_reg_0__1_
117:  Endpoint: l_nutshell/widget/bundleIn_0_d_bits_data_rdata_2_reg_14_   Startpoint: l_nutshell/axi4yank/QueueCompatibility_46/ram_tl_state_size_reg_0__1_   Endpoint: l_nutshell/widget/bundleIn_0_d_bits_data_rdata_2_reg_15_
118:  Startpoint: l_nutshell/axi4yank/QueueCompatibility_46/ram_tl_state_size_reg_0__1_   Endpoint: l_nutshell/widget/bundleIn_0_d_bits_data_rdata_2_reg_16_   Startpoint: l_nutshell/axi4yank/QueueCompatibility_46/ram_tl_state_size_reg_0__1_
119:  Endpoint: l_nutshell/widget/bundleIn_0_d_bits_data_rdata_2_reg_17_   Startpoint: l_nutshell/axi4yank/QueueCompatibility_46/ram_tl_state_size_reg_0__1_   Endpoint: l_nutshell/widget/bundleIn_0_d_bits_data_rdata_2_reg_18_
120:  Startpoint: l_nutshell/axi4yank/QueueCompatibility_46/ram_tl_state_size_reg_0__1_   Endpoint: l_nutshell/widget/bundleIn_0_d_bits_data_rdata_2_reg_19_   Startpoint: l_nutshell/axi4yank/QueueCompatibility_46/ram_tl_state_size_reg_0__1_
121:  Endpoint: l_nutshell/widget/bundleIn_0_d_bits_data_rdata_2_reg_20_   Startpoint: l_nutshell/axi4yank/QueueCompatibility_46/ram_tl_state_size_reg_0__1_   Endpoint: l_nutshell/widget/bundleIn_0_d_bits_data_rdata_2_reg_21_
122:  Startpoint: l_nutshell/axi4yank/QueueCompatibility_46/ram_tl_state_size_reg_0__1_   Endpoint: l_nutshell/widget/bundleIn_0_d_bits_data_rdata_2_reg_22_   Startpoint: l_nutshell/axi4yank/QueueCompatibility_46/ram_tl_state_size_reg_0__1_
123:  Endpoint: l_nutshell/widget/bundleIn_0_d_bits_data_rdata_2_reg_23_   Startpoint: l_nutshell/axi4yank/QueueCompatibility_46/ram_tl_state_size_reg_0__1_   Endpoint: l_nutshell/widget/bundleIn_0_d_bits_data_rdata_2_reg_24_
124:  Startpoint: l_nutshell/axi4yank/QueueCompatibility_46/ram_tl_state_size_reg_0__1_   Endpoint: l_nutshell/widget/bundleIn_0_d_bits_data_rdata_2_reg_25_   Startpoint: l_nutshell/axi4yank/QueueCompatibility_46/ram_tl_state_size_reg_0__1_
125:  Endpoint: l_nutshell/widget/bundleIn_0_d_bits_data_rdata_2_reg_26_   Startpoint: l_nutshell/axi4yank/QueueCompatibility_46/ram_tl_state_size_reg_0__1_   Endpoint: l_nutshell/widget/bundleIn_0_d_bits_data_rdata_2_reg_27_
126:  Startpoint: l_nutshell/axi4yank/QueueCompatibility_46/ram_tl_state_size_reg_0__1_   Endpoint: l_nutshell/widget/bundleIn_0_d_bits_data_rdata_2_reg_28_   Startpoint: l_nutshell/axi4yank/QueueCompatibility_46/ram_tl_state_size_reg_0__1_
127:  Endpoint: l_nutshell/widget/bundleIn_0_d_bits_data_rdata_2_reg_29_   Startpoint: l_nutshell/axi4yank/QueueCompatibility_46/ram_tl_state_size_reg_0__1_   Endpoint: l_nutshell/widget/bundleIn_0_d_bits_data_rdata_2_reg_30_
128:  Startpoint: l_nutshell/axi4yank/QueueCompatibility_46/ram_tl_state_size_reg_0__1_   Endpoint: l_nutshell/widget/bundleIn_0_d_bits_data_rdata_2_reg_31_   Startpoint: l_nutshell/axi4yank/QueueCompatibility_46/ram_tl_state_size_reg_0__1_
129:  Endpoint: l_nutshell/widget/bundleIn_0_d_bits_data_rdata_2_reg_32_   Startpoint: l_nutshell/axi4yank/QueueCompatibility_46/ram_tl_state_size_reg_0__1_   Endpoint: l_nutshell/widget/bundleIn_0_d_bits_data_rdata_2_reg_33_
130:  Startpoint: l_nutshell/axi4yank/QueueCompatibility_46/ram_tl_state_size_reg_0__1_   Endpoint: l_nutshell/widget/bundleIn_0_d_bits_data_rdata_2_reg_34_   Startpoint: l_nutshell/axi4yank/QueueCompatibility_46/ram_tl_state_size_reg_0__1_
131:  Endpoint: l_nutshell/widget/bundleIn_0_d_bits_data_rdata_2_reg_35_   Startpoint: l_nutshell/axi4yank/QueueCompatibility_46/ram_tl_state_size_reg_0__1_   Endpoint: l_nutshell/widget/bundleIn_0_d_bits_data_rdata_2_reg_36_
132:  Startpoint: l_nutshell/axi4yank/QueueCompatibility_46/ram_tl_state_size_reg_0__1_   Endpoint: l_nutshell/widget/bundleIn_0_d_bits_data_rdata_2_reg_37_   Startpoint: l_nutshell/axi4yank/QueueCompatibility_46/ram_tl_state_size_reg_0__1_
133:  Endpoint: l_nutshell/widget/bundleIn_0_d_bits_data_rdata_2_reg_38_   Startpoint: l_nutshell/axi4yank/QueueCompatibility_46/ram_tl_state_size_reg_0__1_   Endpoint: l_nutshell/widget/bundleIn_0_d_bits_data_rdata_2_reg_39_
134:  Startpoint: l_nutshell/axi4yank/QueueCompatibility_46/ram_tl_state_size_reg_0__1_   Endpoint: l_nutshell/widget/bundleIn_0_d_bits_data_rdata_2_reg_40_   Startpoint: l_nutshell/axi4yank/QueueCompatibility_46/ram_tl_state_size_reg_0__1_
135:  Endpoint: l_nutshell/widget/bundleIn_0_d_bits_data_rdata_2_reg_41_   Startpoint: l_nutshell/axi4yank/QueueCompatibility_46/ram_tl_state_size_reg_0__1_   Endpoint: l_nutshell/widget/bundleIn_0_d_bits_data_rdata_2_reg_42_
136:  Startpoint: l_nutshell/axi4yank/QueueCompatibility_46/ram_tl_state_size_reg_0__1_   Endpoint: l_nutshell/widget/bundleIn_0_d_bits_data_rdata_2_reg_43_   Startpoint: l_nutshell/axi4yank/QueueCompatibility_46/ram_tl_state_size_reg_0__1_
137:  Endpoint: l_nutshell/widget/bundleIn_0_d_bits_data_rdata_2_reg_44_   Startpoint: l_nutshell/axi4yank/QueueCompatibility_46/ram_tl_state_size_reg_0__1_   Endpoint: l_nutshell/widget/bundleIn_0_d_bits_data_rdata_2_reg_45_
138:  Startpoint: l_nutshell/axi4yank/QueueCompatibility_46/ram_tl_state_size_reg_0__1_   Endpoint: l_nutshell/widget/bundleIn_0_d_bits_data_rdata_2_reg_46_   Startpoint: l_nutshell/axi4yank/QueueCompatibility_46/ram_tl_state_size_reg_0__1_
139:  Endpoint: l_nutshell/widget/bundleIn_0_d_bits_data_rdata_2_reg_47_   Startpoint: l_nutshell/axi4yank/QueueCompatibility_46/ram_tl_state_size_reg_0__1_   Endpoint: l_nutshell/widget/bundleIn_0_d_bits_data_rdata_2_reg_48_
140:  Startpoint: l_nutshell/axi4yank/QueueCompatibility_46/ram_tl_state_size_reg_0__1_   Endpoint: l_nutshell/widget/bundleIn_0_d_bits_data_rdata_2_reg_49_   Startpoint: l_nutshell/axi4yank/QueueCompatibility_46/ram_tl_state_size_reg_0__1_
141:  Endpoint: l_nutshell/widget/bundleIn_0_d_bits_data_rdata_2_reg_50_   Startpoint: l_nutshell/axi4yank/QueueCompatibility_46/ram_tl_state_size_reg_0__1_   Endpoint: l_nutshell/widget/bundleIn_0_d_bits_data_rdata_2_reg_51_
142:  Startpoint: l_nutshell/axi4yank/QueueCompatibility_46/ram_tl_state_size_reg_0__1_   Endpoint: l_nutshell/widget/bundleIn_0_d_bits_data_rdata_2_reg_53_   Startpoint: l_nutshell/axi4yank/QueueCompatibility_46/ram_tl_state_size_reg_0__1_
143:  Endpoint: l_nutshell/widget/bundleIn_0_d_bits_data_rdata_2_reg_55_   Startpoint: l_nutshell/axi4yank/QueueCompatibility_46/ram_tl_state_size_reg_0__1_   Endpoint: l_nutshell/widget/bundleIn_0_d_bits_data_rdata_2_reg_56_
144:  Startpoint: l_nutshell/axi4yank/QueueCompatibility_46/ram_tl_state_size_reg_0__1_   Endpoint: l_nutshell/widget/bundleIn_0_d_bits_data_rdata_2_reg_57_   Startpoint: l_nutshell/axi4yank/QueueCompatibility_46/ram_tl_state_size_reg_0__1_
145:  Endpoint: l_nutshell/widget/bundleIn_0_d_bits_data_rdata_2_reg_58_   Startpoint: l_nutshell/axi4yank/QueueCompatibility_46/ram_tl_state_size_reg_0__1_   Endpoint: l_nutshell/widget/bundleIn_0_d_bits_data_rdata_2_reg_59_
146:  Startpoint: l_nutshell/axi4yank/QueueCompatibility_46/ram_tl_state_size_reg_0__1_   Endpoint: l_nutshell/widget/bundleIn_0_d_bits_data_rdata_2_reg_60_   Startpoint: l_nutshell/axi4yank/QueueCompatibility_46/ram_tl_state_size_reg_0__1_
147:  Endpoint: l_nutshell/widget/bundleIn_0_d_bits_data_rdata_2_reg_61_   Startpoint: l_nutshell/axi4yank/QueueCompatibility_46/ram_tl_state_size_reg_0__1_   Endpoint: l_nutshell/widget/bundleIn_0_d_bits_data_rdata_2_reg_62_
148:  Startpoint: l_nutshell/axi4yank/QueueCompatibility_46/ram_tl_state_size_reg_0__1_   Endpoint: l_nutshell/widget/bundleIn_0_d_bits_data_rdata_0_reg_54_   Startpoint: l_nutshell/axi4yank/QueueCompatibility_46/ram_tl_state_size_reg_0__1_
149:  Endpoint: l_nutshell/widget/bundleIn_0_d_bits_data_rdata_1_reg_52_   Startpoint: l_nutshell/axi4yank/QueueCompatibility_46/ram_tl_state_size_reg_0__1_   Endpoint: l_nutshell/widget/bundleIn_0_d_bits_data_rdata_1_reg_54_
150:  Endpoint: l_nutshell/widget/bundleIn_0_d_bits_data_rdata_2_reg_52_   Startpoint: l_nutshell/axi4yank/QueueCompatibility_46/ram_tl_state_size_reg_0__1_   Endpoint: l_nutshell/widget/bundleIn_0_d_bits_data_rdata_2_reg_54_
151:  Endpoint: l_nutshell/axi4yank_1/QueueCompatibility_2/ram_tl_state_source_reg_0__1_   Startpoint: l_nutshell/buffer_3/bundleOut_0_a_q/value_1_reg   Endpoint: l_nutshell/axi4yank_1/QueueCompatibility_3/ram_tl_state_source_reg_0__1_
152:  Endpoint: l_nutshell/axi4yank_1/QueueCompatibility/ram_tl_state_source_reg_0__1_   Startpoint: l_nutshell/buffer_3/bundleOut_0_a_q/value_1_reg   Endpoint: l_nutshell/axi4yank_1/QueueCompatibility_1/ram_tl_state_source_reg_0__1_
153:  Startpoint: l_nutshell/buffer_3/bundleOut_0_a_q/value_1_reg   Endpoint: l_nutshell/axi4yank_1/QueueCompatibility_4/ram_tl_state_source_reg_0__1_   Startpoint: l_nutshell/buffer_3/bundleOut_0_a_q/value_1_reg
154:  Endpoint: l_nutshell/axi4yank_1/QueueCompatibility_6/maybe_full_reg   Startpoint: l_nutshell/buffer_3/bundleOut_0_a_q/value_1_reg   Endpoint: l_nutshell/axi4yank_1/QueueCompatibility_7/maybe_full_reg
155:  Startpoint: l_nutshell/axi4yank/QueueCompatibility_46/ram_tl_state_size_reg_0__1_   Endpoint: l_nutshell/tl2axi4/b_delay_reg_1_   Startpoint: l_nutshell/axi4yank/QueueCompatibility_46/ram_tl_state_size_reg_0__1_
156:  Startpoint: l_nutshell/axi4yank/QueueCompatibility_46/ram_tl_state_size_reg_0__1_   Endpoint: l_nutshell/widget/bundleIn_0_d_bits_data_rdata_written_once_reg   Startpoint: l_nutshell/core_with_l2/buffer_1/bundleOut_0_c_q/value_1_reg
