1:  Startpoint: l_nutshell/buffer/bundleOut_0_c_q/value_1_reg   Endpoint: l_nutshell/buffer_1/bundleOut_0_c_q/maybe_full_reg   slack (VIOLATED)                                                -0.1244
2:  Startpoint: l_nutshell/buffer/bundleOut_0_c_q/value_1_reg   Endpoint: l_nutshell/buffer/bundleOut_0_c_q/maybe_full_reg   slack (VIOLATED)                                                -0.1244
3:  Startpoint: l_nutshell/buffer/bundleOut_0_c_q/value_1_reg   Endpoint: l_nutshell/buffer/bundleOut_0_c_q/value_1_reg   slack (VIOLATED)                                                -0.1039
4:  Startpoint: l_nutshell/buffer/bundleOut_0_c_q/value_1_reg   Endpoint: l_nutshell/buffer_1/bundleOut_0_c_q/value_1_reg   slack (VIOLATED)                                                -0.1039
5:  Startpoint: l_nutshell/core_with_l2_1/buffer_1/bundleOut_0_c_q/value_reg   Endpoint: l_nutshell/core_with_l2_1/buffer_1/bundleOut_0_c_q/maybe_full_reg   slack (VIOLATED)                                                -0.1039
6:  Startpoint: l_nutshell/core_with_l2_1/buffer_1/bundleOut_0_c_q/value_reg   Endpoint: l_nutshell/core_with_l2_1/buffer/bundleOut_0_c_q/maybe_full_reg   slack (VIOLATED)                                                -0.0966
7:  Startpoint: l_nutshell/buffer/bundleOut_0_c_q/value_1_reg   Endpoint: l_nutshell/xbar/readys_mask_1_reg_0_   slack (VIOLATED)                                                -0.0854
8:  Startpoint: l_nutshell/core_with_l2_1/buffer_1/bundleOut_0_c_q/value_reg   Endpoint: l_nutshell/core_with_l2_1/buffer_1/bundleOut_0_c_q/value_1_reg   slack (VIOLATED)                                                -0.0844
9:  Startpoint: l_nutshell/core_with_l2_1/buffer_1/bundleOut_0_c_q/value_reg   Endpoint: l_nutshell/core_with_l2_1/buffer/bundleOut_0_c_q/value_1_reg   slack (VIOLATED)                                                -0.0832
10:  Startpoint: l_nutshell/core_with_l2_1/buffer_1/bundleOut_0_c_q/value_reg   Endpoint: l_nutshell/core_with_l2_1/xbar/readys_mask_1_reg_0_   slack (VIOLATED)                                                -0.0741
11:  Startpoint: l_nutshell/core_with_l2/buffer_1/bundleOut_0_c_q/value_1_reg   Endpoint: l_nutshell/core_with_l2/buffer_1/bundleOut_0_c_q/maybe_full_reg   slack (VIOLATED)                                                -0.0677
12:  Startpoint: l_nutshell/core_with_l2/buffer_1/bundleOut_0_c_q/value_1_reg   Endpoint: l_nutshell/core_with_l2/buffer/bundleOut_0_c_q/maybe_full_reg   slack (VIOLATED)                                                -0.0608
13:  Startpoint: l_nutshell/buffer/bundleOut_0_c_q/value_1_reg   Endpoint: l_nutshell/POWERGATING_clock_n1388_0/latch   slack (VIOLATED)                                                -0.0597
14:  Startpoint: l_nutshell/core_with_l2/buffer_1/bundleOut_0_c_q/value_1_reg   Endpoint: l_nutshell/core_with_l2/buffer/bundleOut_0_c_q/value_1_reg   slack (VIOLATED)                                                -0.0453
16:  Startpoint: l_nutshell/core_with_l2_1/buffer_1/bundleOut_0_c_q/value_reg   Endpoint: l_nutshell/core_with_l2_1/POWERGATING_clock_n4_0/latch   slack (VIOLATED)                                                -0.0402
17:  Startpoint: l_nutshell/buffer/bundleOut_0_c_q/value_1_reg   Endpoint: l_nutshell/xbar/beatsLeft_1_reg   slack (VIOLATED)                                                -0.0385
18:  Startpoint: l_nutshell/core_with_l2/buffer_1/bundleOut_0_c_q/value_1_reg   Endpoint: l_nutshell/core_with_l2/buffer_1/bundleOut_0_c_q/value_1_reg   slack (VIOLATED)                                                -0.0382
19:  Startpoint: l_nutshell/core_with_l2/buffer_1/bundleOut_0_c_q/value_1_reg   Endpoint: l_nutshell/core_with_l2/xbar/readys_mask_1_reg_0_   slack (VIOLATED)                                                -0.0365
21:  Startpoint: l_nutshell/core_with_l2_1/buffer_1/bundleOut_0_c_q/value_reg   Endpoint: l_nutshell/core_with_l2_1/xbar/beatsLeft_1_reg   slack (VIOLATED)                                                -0.0271
23:  Startpoint: l_nutshell/core_with_l2/buffer_1/bundleOut_0_c_q/value_1_reg   Endpoint: l_nutshell/core_with_l2/POWERGATING_clock_n4_0/latch   slack (VIOLATED)                                                -0.0030
24:  Startpoint: l_nutshell/buffer_3/bundleOut_0_a_q/value_1_reg   Endpoint: l_nutshell/buffer_3/bundleOut_0_a_q/POWERGATING_clock_N13_7/latch   Startpoint: l_nutshell/buffer_3/bundleOut_0_a_q/value_1_reg
25:  Endpoint: l_nutshell/buffer_3/bundleOut_0_a_q/POWERGATING_clock_N13_6/latch   Startpoint: l_nutshell/buffer_3/bundleOut_0_a_q/value_1_reg   Endpoint: l_nutshell/buffer_3/bundleOut_0_a_q/POWERGATING_clock_N13_5/latch
26:  Startpoint: l_nutshell/buffer_3/bundleOut_0_a_q/value_1_reg   Endpoint: l_nutshell/buffer_3/bundleOut_0_a_q/POWERGATING_clock_N13_0/latch   Startpoint: l_nutshell/buffer_3/bundleOut_0_a_q/value_1_reg
27:  Endpoint: l_nutshell/buffer_3/bundleOut_0_a_q/POWERGATING_clock_N12_7/latch   Startpoint: l_nutshell/buffer_3/bundleOut_0_a_q/value_1_reg   Endpoint: l_nutshell/buffer_3/bundleOut_0_a_q/POWERGATING_clock_N12_6/latch
28:  Startpoint: l_nutshell/buffer_3/bundleOut_0_a_q/value_1_reg   Endpoint: l_nutshell/buffer_3/bundleOut_0_a_q/POWERGATING_clock_N12_5/latch   Startpoint: l_nutshell/buffer_3/bundleOut_0_a_q/value_1_reg
29:  Startpoint: l_nutshell/buffer_3/bundleOut_0_a_q/value_1_reg   Endpoint: l_nutshell/tl2axi4_1/queue_arw_deq/ram_addr_reg_0__29_   Startpoint: l_nutshell/buffer_3/bundleOut_0_a_q/value_1_reg
30:  Endpoint: l_nutshell/tl2axi4_1/queue_arw_deq/ram_addr_reg_0__28_   Startpoint: l_nutshell/buffer_3/bundleOut_0_a_q/value_1_reg   Endpoint: l_nutshell/tl2axi4_1/queue_arw_deq/ram_addr_reg_0__27_
31:  Startpoint: l_nutshell/buffer_3/bundleOut_0_a_q/value_1_reg   Endpoint: l_nutshell/tl2axi4_1/queue_arw_deq/ram_addr_reg_0__26_   Startpoint: l_nutshell/buffer_3/bundleOut_0_a_q/value_1_reg
32:  Endpoint: l_nutshell/tl2axi4_1/queue_arw_deq/ram_addr_reg_0__25_   Startpoint: l_nutshell/buffer_3/bundleOut_0_a_q/value_1_reg   Endpoint: l_nutshell/tl2axi4_1/queue_arw_deq/ram_addr_reg_0__24_
33:  Startpoint: l_nutshell/buffer_3/bundleOut_0_a_q/value_1_reg   Endpoint: l_nutshell/tl2axi4_1/queue_arw_deq/ram_addr_reg_0__23_   Startpoint: l_nutshell/buffer_3/bundleOut_0_a_q/value_1_reg
34:  Endpoint: l_nutshell/tl2axi4_1/queue_arw_deq/ram_addr_reg_0__22_   Startpoint: l_nutshell/buffer_3/bundleOut_0_a_q/value_1_reg   Endpoint: l_nutshell/tl2axi4_1/queue_arw_deq/ram_addr_reg_0__21_
35:  Startpoint: l_nutshell/buffer_3/bundleOut_0_a_q/value_1_reg   Endpoint: l_nutshell/tl2axi4_1/queue_arw_deq/ram_addr_reg_0__20_   Startpoint: l_nutshell/buffer_3/bundleOut_0_a_q/value_1_reg
36:  Endpoint: l_nutshell/tl2axi4_1/queue_arw_deq/ram_addr_reg_0__19_   Startpoint: l_nutshell/buffer_3/bundleOut_0_a_q/value_1_reg   Endpoint: l_nutshell/tl2axi4_1/queue_arw_deq/ram_addr_reg_0__18_
37:  Startpoint: l_nutshell/buffer_3/bundleOut_0_a_q/value_1_reg   Endpoint: l_nutshell/tl2axi4_1/queue_arw_deq/ram_addr_reg_0__17_   Startpoint: l_nutshell/buffer_3/bundleOut_0_a_q/value_1_reg
38:  Endpoint: l_nutshell/tl2axi4_1/queue_arw_deq/ram_addr_reg_0__16_   Startpoint: l_nutshell/buffer_3/bundleOut_0_a_q/value_1_reg   Endpoint: l_nutshell/tl2axi4_1/queue_arw_deq/ram_addr_reg_0__15_
39:  Startpoint: l_nutshell/buffer_3/bundleOut_0_a_q/value_1_reg   Endpoint: l_nutshell/tl2axi4_1/queue_arw_deq/ram_addr_reg_0__14_   Startpoint: l_nutshell/buffer_3/bundleOut_0_a_q/value_1_reg
40:  Endpoint: l_nutshell/tl2axi4_1/queue_arw_deq/ram_addr_reg_0__13_   Startpoint: l_nutshell/buffer_3/bundleOut_0_a_q/value_1_reg   Endpoint: l_nutshell/tl2axi4_1/queue_arw_deq/ram_addr_reg_0__12_
41:  Startpoint: l_nutshell/buffer_3/bundleOut_0_a_q/value_1_reg   Endpoint: l_nutshell/tl2axi4_1/queue_arw_deq/ram_addr_reg_0__11_   Startpoint: l_nutshell/buffer_3/bundleOut_0_a_q/value_1_reg
42:  Endpoint: l_nutshell/tl2axi4_1/queue_arw_deq/ram_addr_reg_0__10_   Startpoint: l_nutshell/buffer_3/bundleOut_0_a_q/value_1_reg   Endpoint: l_nutshell/tl2axi4_1/queue_arw_deq/ram_addr_reg_0__9_
43:  Startpoint: l_nutshell/buffer_3/bundleOut_0_a_q/value_1_reg   Endpoint: l_nutshell/tl2axi4_1/queue_arw_deq/ram_addr_reg_0__8_   Startpoint: l_nutshell/buffer_3/bundleOut_0_a_q/value_1_reg
44:  Endpoint: l_nutshell/tl2axi4_1/queue_arw_deq/ram_addr_reg_0__7_   Startpoint: l_nutshell/buffer_3/bundleOut_0_a_q/value_1_reg   Endpoint: l_nutshell/tl2axi4_1/queue_arw_deq/ram_addr_reg_0__6_
45:  Startpoint: l_nutshell/buffer_3/bundleOut_0_a_q/value_1_reg   Endpoint: l_nutshell/tl2axi4_1/queue_arw_deq/ram_addr_reg_0__5_   Startpoint: l_nutshell/buffer_3/bundleOut_0_a_q/value_1_reg
46:  Endpoint: l_nutshell/tl2axi4_1/queue_arw_deq/ram_addr_reg_0__4_   Startpoint: l_nutshell/buffer_3/bundleOut_0_a_q/value_1_reg   Endpoint: l_nutshell/tl2axi4_1/queue_arw_deq/ram_addr_reg_0__3_
47:  Startpoint: l_nutshell/buffer_3/bundleOut_0_a_q/value_1_reg   Endpoint: l_nutshell/tl2axi4_1/queue_arw_deq/ram_addr_reg_0__2_   Startpoint: l_nutshell/buffer_3/bundleOut_0_a_q/value_1_reg
48:  Endpoint: l_nutshell/tl2axi4_1/queue_arw_deq/ram_addr_reg_0__1_   Startpoint: l_nutshell/buffer_3/bundleOut_0_a_q/value_1_reg   Endpoint: l_nutshell/tl2axi4_1/queue_arw_deq/ram_addr_reg_0__0_
49:  Startpoint: l_nutshell/buffer_3/bundleOut_0_a_q/value_1_reg   Endpoint: l_nutshell/tl2axi4_1/queue_arw_deq/ram_size_reg_0__1_   Startpoint: l_nutshell/buffer_3/bundleOut_0_a_q/value_1_reg
50:  Endpoint: l_nutshell/tl2axi4_1/queue_arw_deq/ram_size_reg_0__0_   Startpoint: l_nutshell/buffer_3/bundleOut_0_a_q/value_1_reg   Endpoint: l_nutshell/tl2axi4_1/deq/ram_data_reg_0__62_
51:  Startpoint: l_nutshell/buffer_3/bundleOut_0_a_q/value_1_reg   Endpoint: l_nutshell/tl2axi4_1/deq/ram_data_reg_0__59_   Startpoint: l_nutshell/buffer_3/bundleOut_0_a_q/value_1_reg
52:  Endpoint: l_nutshell/tl2axi4_1/deq/ram_data_reg_0__58_   Startpoint: l_nutshell/buffer_3/bundleOut_0_a_q/value_1_reg   Endpoint: l_nutshell/tl2axi4_1/deq/ram_data_reg_0__57_
53:  Startpoint: l_nutshell/buffer_3/bundleOut_0_a_q/value_1_reg   Endpoint: l_nutshell/tl2axi4_1/deq/ram_data_reg_0__56_   Startpoint: l_nutshell/buffer_3/bundleOut_0_a_q/value_1_reg
54:  Endpoint: l_nutshell/tl2axi4_1/deq/ram_data_reg_0__55_   Startpoint: l_nutshell/buffer_3/bundleOut_0_a_q/value_1_reg   Endpoint: l_nutshell/tl2axi4_1/deq/ram_data_reg_0__54_
55:  Startpoint: l_nutshell/buffer_3/bundleOut_0_a_q/value_1_reg   Endpoint: l_nutshell/tl2axi4_1/deq/ram_data_reg_0__53_   Startpoint: l_nutshell/buffer_3/bundleOut_0_a_q/value_1_reg
56:  Endpoint: l_nutshell/tl2axi4_1/deq/ram_data_reg_0__51_   Startpoint: l_nutshell/buffer_3/bundleOut_0_a_q/value_1_reg   Endpoint: l_nutshell/tl2axi4_1/deq/ram_data_reg_0__49_
57:  Startpoint: l_nutshell/buffer_3/bundleOut_0_a_q/value_1_reg   Endpoint: l_nutshell/tl2axi4_1/deq/ram_data_reg_0__48_   Startpoint: l_nutshell/buffer_3/bundleOut_0_a_q/value_1_reg
58:  Endpoint: l_nutshell/tl2axi4_1/deq/ram_data_reg_0__47_   Startpoint: l_nutshell/buffer_3/bundleOut_0_a_q/value_1_reg   Endpoint: l_nutshell/tl2axi4_1/deq/ram_data_reg_0__46_
59:  Startpoint: l_nutshell/buffer_3/bundleOut_0_a_q/value_1_reg   Endpoint: l_nutshell/tl2axi4_1/deq/ram_data_reg_0__45_   Startpoint: l_nutshell/buffer_3/bundleOut_0_a_q/value_1_reg
60:  Endpoint: l_nutshell/tl2axi4_1/deq/ram_data_reg_0__44_   Startpoint: l_nutshell/buffer_3/bundleOut_0_a_q/value_1_reg   Endpoint: l_nutshell/tl2axi4_1/deq/ram_data_reg_0__43_
61:  Startpoint: l_nutshell/buffer_3/bundleOut_0_a_q/value_1_reg   Endpoint: l_nutshell/tl2axi4_1/deq/ram_data_reg_0__42_   Startpoint: l_nutshell/buffer_3/bundleOut_0_a_q/value_1_reg
62:  Endpoint: l_nutshell/tl2axi4_1/deq/ram_data_reg_0__41_   Startpoint: l_nutshell/buffer_3/bundleOut_0_a_q/value_1_reg   Endpoint: l_nutshell/tl2axi4_1/deq/ram_data_reg_0__39_
63:  Startpoint: l_nutshell/buffer_3/bundleOut_0_a_q/value_1_reg   Endpoint: l_nutshell/tl2axi4_1/deq/ram_data_reg_0__38_   Startpoint: l_nutshell/buffer_3/bundleOut_0_a_q/value_1_reg
64:  Endpoint: l_nutshell/tl2axi4_1/deq/ram_data_reg_0__37_   Startpoint: l_nutshell/buffer_3/bundleOut_0_a_q/value_1_reg   Endpoint: l_nutshell/tl2axi4_1/deq/ram_data_reg_0__35_
65:  Startpoint: l_nutshell/buffer_3/bundleOut_0_a_q/value_1_reg   Endpoint: l_nutshell/tl2axi4_1/deq/ram_data_reg_0__34_   Startpoint: l_nutshell/buffer_3/bundleOut_0_a_q/value_1_reg
66:  Endpoint: l_nutshell/tl2axi4_1/deq/ram_data_reg_0__33_   Startpoint: l_nutshell/buffer_3/bundleOut_0_a_q/value_1_reg   Endpoint: l_nutshell/tl2axi4_1/deq/ram_data_reg_0__32_
67:  Startpoint: l_nutshell/buffer_3/bundleOut_0_a_q/value_1_reg   Endpoint: l_nutshell/tl2axi4_1/deq/ram_data_reg_0__31_   Startpoint: l_nutshell/buffer_3/bundleOut_0_a_q/value_1_reg
68:  Endpoint: l_nutshell/tl2axi4_1/deq/ram_data_reg_0__30_   Startpoint: l_nutshell/buffer_3/bundleOut_0_a_q/value_1_reg   Endpoint: l_nutshell/tl2axi4_1/deq/ram_data_reg_0__29_
69:  Startpoint: l_nutshell/buffer_3/bundleOut_0_a_q/value_1_reg   Endpoint: l_nutshell/tl2axi4_1/deq/ram_data_reg_0__28_   Startpoint: l_nutshell/buffer_3/bundleOut_0_a_q/value_1_reg
70:  Endpoint: l_nutshell/tl2axi4_1/deq/ram_data_reg_0__27_   Startpoint: l_nutshell/buffer_3/bundleOut_0_a_q/value_1_reg   Endpoint: l_nutshell/tl2axi4_1/deq/ram_data_reg_0__26_
71:  Startpoint: l_nutshell/buffer_3/bundleOut_0_a_q/value_1_reg   Endpoint: l_nutshell/tl2axi4_1/deq/ram_data_reg_0__25_   Startpoint: l_nutshell/buffer_3/bundleOut_0_a_q/value_1_reg
72:  Endpoint: l_nutshell/tl2axi4_1/deq/ram_data_reg_0__24_   Startpoint: l_nutshell/buffer_3/bundleOut_0_a_q/value_1_reg   Endpoint: l_nutshell/tl2axi4_1/deq/ram_data_reg_0__23_
73:  Startpoint: l_nutshell/buffer_3/bundleOut_0_a_q/value_1_reg   Endpoint: l_nutshell/tl2axi4_1/deq/ram_data_reg_0__22_   Startpoint: l_nutshell/buffer_3/bundleOut_0_a_q/value_1_reg
74:  Endpoint: l_nutshell/tl2axi4_1/deq/ram_data_reg_0__21_   Startpoint: l_nutshell/buffer_3/bundleOut_0_a_q/value_1_reg   Endpoint: l_nutshell/tl2axi4_1/deq/ram_data_reg_0__20_
75:  Startpoint: l_nutshell/buffer_3/bundleOut_0_a_q/value_1_reg   Endpoint: l_nutshell/tl2axi4_1/deq/ram_data_reg_0__18_   Startpoint: l_nutshell/buffer_3/bundleOut_0_a_q/value_1_reg
76:  Endpoint: l_nutshell/tl2axi4_1/deq/ram_data_reg_0__17_   Startpoint: l_nutshell/buffer_3/bundleOut_0_a_q/value_1_reg   Endpoint: l_nutshell/tl2axi4_1/deq/ram_data_reg_0__16_
77:  Startpoint: l_nutshell/buffer_3/bundleOut_0_a_q/value_1_reg   Endpoint: l_nutshell/tl2axi4_1/deq/ram_data_reg_0__12_   Startpoint: l_nutshell/buffer_3/bundleOut_0_a_q/value_1_reg
78:  Endpoint: l_nutshell/tl2axi4_1/deq/ram_data_reg_0__11_   Startpoint: l_nutshell/buffer_3/bundleOut_0_a_q/value_1_reg   Endpoint: l_nutshell/tl2axi4_1/deq/ram_data_reg_0__10_
79:  Startpoint: l_nutshell/buffer_3/bundleOut_0_a_q/value_1_reg   Endpoint: l_nutshell/tl2axi4_1/deq/ram_data_reg_0__9_   Startpoint: l_nutshell/buffer_3/bundleOut_0_a_q/value_1_reg
80:  Endpoint: l_nutshell/tl2axi4_1/deq/ram_data_reg_0__8_   Startpoint: l_nutshell/buffer_3/bundleOut_0_a_q/value_1_reg   Endpoint: l_nutshell/tl2axi4_1/deq/ram_data_reg_0__7_
81:  Startpoint: l_nutshell/buffer_3/bundleOut_0_a_q/value_1_reg   Endpoint: l_nutshell/tl2axi4_1/deq/ram_data_reg_0__6_   Startpoint: l_nutshell/buffer_3/bundleOut_0_a_q/value_1_reg
82:  Endpoint: l_nutshell/tl2axi4_1/deq/ram_data_reg_0__5_   Startpoint: l_nutshell/buffer_3/bundleOut_0_a_q/value_1_reg   Endpoint: l_nutshell/tl2axi4_1/deq/ram_data_reg_0__4_
83:  Startpoint: l_nutshell/buffer_3/bundleOut_0_a_q/value_1_reg   Endpoint: l_nutshell/tl2axi4_1/deq/ram_data_reg_0__3_   Startpoint: l_nutshell/buffer_3/bundleOut_0_a_q/value_1_reg
84:  Endpoint: l_nutshell/tl2axi4_1/deq/ram_data_reg_0__2_   Startpoint: l_nutshell/buffer_3/bundleOut_0_a_q/value_1_reg   Endpoint: l_nutshell/tl2axi4_1/deq/ram_data_reg_0__1_
85:  Startpoint: l_nutshell/core_with_l2/buffer/bundleOut_0_e_q/value_1_reg   Endpoint: l_nutshell/core_with_l2/buffer_1/bundleOut_0_e_q/maybe_full_reg   Startpoint: l_nutshell/core_with_l2_1/buffer/bundleOut_0_e_q/value_1_reg
86:  Endpoint: l_nutshell/core_with_l2_1/buffer_1/bundleOut_0_e_q/maybe_full_reg   Startpoint: l_nutshell/buffer/bundleOut_0_e_q/value_1_reg   Endpoint: l_nutshell/buffer_1/bundleOut_0_e_q/maybe_full_reg
87:  Startpoint: l_nutshell/core_with_l2_1/buffer_1/bundleOut_0_e_q/value_1_reg   Endpoint: l_nutshell/core_with_l2_1/buffer/bundleOut_0_e_q/maybe_full_reg   Startpoint: l_nutshell/buffer_1/bundleOut_0_e_q/value_1_reg
88:  Startpoint: l_nutshell/core_with_l2/buffer_1/bundleOut_0_e_q/value_1_reg   Endpoint: l_nutshell/core_with_l2/buffer/bundleOut_0_e_q/value_1_reg   Startpoint: l_nutshell/core_with_l2_1/buffer_1/bundleOut_0_e_q/value_1_reg
89:  Endpoint: l_nutshell/core_with_l2_1/buffer/bundleOut_0_e_q/value_1_reg   Startpoint: l_nutshell/buffer_1/bundleOut_0_e_q/value_1_reg   Endpoint: l_nutshell/buffer/bundleOut_0_e_q/value_1_reg
90:  Startpoint: l_nutshell/core_with_l2/buffer/bundleOut_0_e_q/value_1_reg   Endpoint: l_nutshell/core_with_l2/buffer_1/bundleOut_0_e_q/value_1_reg   Startpoint: l_nutshell/core_with_l2_1/buffer/bundleOut_0_e_q/value_1_reg
91:  Endpoint: l_nutshell/core_with_l2_1/buffer_1/bundleOut_0_e_q/value_1_reg   Startpoint: l_nutshell/buffer/bundleOut_0_e_q/value_1_reg   Endpoint: l_nutshell/buffer_1/bundleOut_0_e_q/value_1_reg
92:  Startpoint: l_nutshell/core_with_l2/buffer/bundleOut_0_e_q/value_1_reg   Endpoint: l_nutshell/core_with_l2/xbar/readys_mask_2_reg_0_   Startpoint: l_nutshell/core_with_l2_1/buffer/bundleOut_0_e_q/value_1_reg
93:  Endpoint: l_nutshell/core_with_l2_1/xbar/readys_mask_2_reg_0_   Startpoint: l_nutshell/buffer/bundleOut_0_e_q/value_1_reg   Endpoint: l_nutshell/xbar/readys_mask_2_reg_0_
94:  Startpoint: l_nutshell/buffer/bundleOut_0_e_q/value_1_reg   Endpoint: l_nutshell/buffer/bundleOut_0_e_q/POWERGATING_clock_N9_0/latch   Startpoint: l_nutshell/buffer_1/bundleOut_0_e_q/value_1_reg
95:  Endpoint: l_nutshell/buffer/bundleOut_0_e_q/POWERGATING_clock_N8_0/latch   Startpoint: l_nutshell/buffer_1/bundleOut_0_e_q/value_1_reg   Endpoint: l_nutshell/buffer_1/bundleOut_0_e_q/POWERGATING_clock_N8_0/latch
96:  Startpoint: l_nutshell/core_with_l2_1/buffer/bundleOut_0_e_q/value_1_reg   Endpoint: l_nutshell/core_with_l2_1/buffer/bundleOut_0_e_q/POWERGATING_clock_N9_0/latch   Startpoint: l_nutshell/core_with_l2/buffer/bundleOut_0_e_q/value_1_reg
97:  Endpoint: l_nutshell/core_with_l2/buffer/bundleOut_0_e_q/POWERGATING_clock_N9_0/latch   Startpoint: l_nutshell/core_with_l2_1/buffer/bundleOut_0_e_q/value_1_reg   Endpoint: l_nutshell/core_with_l2_1/buffer/bundleOut_0_e_q/POWERGATING_clock_N8_0/latch
98:  Startpoint: l_nutshell/core_with_l2/buffer/bundleOut_0_e_q/value_1_reg   Endpoint: l_nutshell/core_with_l2/buffer/bundleOut_0_e_q/POWERGATING_clock_N8_0/latch   Startpoint: l_nutshell/core_with_l2_1/buffer_1/bundleOut_0_e_q/value_1_reg
99:  Endpoint: l_nutshell/core_with_l2_1/buffer_1/bundleOut_0_e_q/POWERGATING_clock_N9_0/latch   Startpoint: l_nutshell/core_with_l2/buffer_1/bundleOut_0_e_q/value_1_reg   Endpoint: l_nutshell/core_with_l2/buffer_1/bundleOut_0_e_q/POWERGATING_clock_N9_0/latch
100:  Startpoint: l_nutshell/core_with_l2_1/buffer_1/bundleOut_0_e_q/value_1_reg   Endpoint: l_nutshell/core_with_l2_1/buffer_1/bundleOut_0_e_q/POWERGATING_clock_N8_0/latch   Startpoint: l_nutshell/core_with_l2/buffer_1/bundleOut_0_e_q/value_1_reg
101:  Startpoint: l_nutshell/buffer_3/bundleOut_0_a_q/value_1_reg   Endpoint: l_nutshell/tl2axi4_1/deq/ram_data_reg_0__63_   Startpoint: l_nutshell/buffer_3/bundleOut_0_a_q/value_1_reg
102:  Endpoint: l_nutshell/tl2axi4_1/deq/ram_data_reg_0__61_   Startpoint: l_nutshell/buffer_3/bundleOut_0_a_q/value_1_reg   Endpoint: l_nutshell/tl2axi4_1/deq/ram_data_reg_0__60_
103:  Startpoint: l_nutshell/buffer_3/bundleOut_0_a_q/value_1_reg   Endpoint: l_nutshell/tl2axi4_1/deq/ram_data_reg_0__52_   Startpoint: l_nutshell/buffer_3/bundleOut_0_a_q/value_1_reg
104:  Endpoint: l_nutshell/tl2axi4_1/deq/ram_data_reg_0__50_   Startpoint: l_nutshell/buffer_3/bundleOut_0_a_q/value_1_reg   Endpoint: l_nutshell/tl2axi4_1/deq/ram_data_reg_0__40_
105:  Startpoint: l_nutshell/buffer_3/bundleOut_0_a_q/value_1_reg   Endpoint: l_nutshell/tl2axi4_1/deq/ram_data_reg_0__36_   Startpoint: l_nutshell/buffer_3/bundleOut_0_a_q/value_1_reg
106:  Endpoint: l_nutshell/tl2axi4_1/deq/ram_data_reg_0__19_   Startpoint: l_nutshell/buffer_3/bundleOut_0_a_q/value_1_reg   Endpoint: l_nutshell/tl2axi4_1/deq/ram_data_reg_0__15_
107:  Startpoint: l_nutshell/buffer_3/bundleOut_0_a_q/value_1_reg   Endpoint: l_nutshell/tl2axi4_1/deq/ram_data_reg_0__14_   Startpoint: l_nutshell/buffer_3/bundleOut_0_a_q/value_1_reg
108:  Endpoint: l_nutshell/tl2axi4_1/deq/ram_data_reg_0__13_   Startpoint: l_nutshell/buffer_3/bundleOut_0_a_q/value_1_reg   Endpoint: l_nutshell/tl2axi4_1/deq/ram_strb_reg_0__7_
109:  Startpoint: l_nutshell/buffer_3/bundleOut_0_a_q/value_1_reg   Endpoint: l_nutshell/tl2axi4_1/deq/ram_strb_reg_0__6_   Startpoint: l_nutshell/buffer_3/bundleOut_0_a_q/value_1_reg
110:  Endpoint: l_nutshell/tl2axi4_1/deq/ram_strb_reg_0__5_   Startpoint: l_nutshell/buffer_3/bundleOut_0_a_q/value_1_reg   Endpoint: l_nutshell/tl2axi4_1/deq/ram_strb_reg_0__4_
111:  Startpoint: l_nutshell/buffer_3/bundleOut_0_a_q/value_1_reg   Endpoint: l_nutshell/tl2axi4_1/deq/ram_strb_reg_0__3_   Startpoint: l_nutshell/buffer_3/bundleOut_0_a_q/value_1_reg
112:  Endpoint: l_nutshell/tl2axi4_1/deq/ram_strb_reg_0__2_   Startpoint: l_nutshell/buffer_3/bundleOut_0_a_q/value_1_reg   Endpoint: l_nutshell/tl2axi4_1/deq/ram_strb_reg_0__1_
113:  Startpoint: l_nutshell/buffer_3/bundleOut_0_a_q/value_1_reg   Endpoint: l_nutshell/tl2axi4_1/deq/ram_strb_reg_0__0_   Startpoint: l_nutshell/core_with_l2/buffer/bundleOut_0_e_q/value_1_reg
114:  Startpoint: l_nutshell/core_with_l2_1/buffer/bundleOut_0_e_q/value_1_reg   Endpoint: l_nutshell/core_with_l2_1/buffer/bundleOut_0_e_q/value_reg   Startpoint: l_nutshell/core_with_l2/buffer/bundleOut_0_e_q/value_1_reg
