24:  Startpoint: l_nutshell/core_with_l2_1/nutcore/uncache/state_reg_0_   Endpoint: l_nutshell/buffer_3/bundleOut_0_a_q/ram_size_reg_1__1_   Startpoint: l_nutshell/core_with_l2_1/nutcore/uncache/state_reg_0_
25:  Endpoint: l_nutshell/buffer_3/bundleOut_0_a_q/ram_size_reg_1__0_   Startpoint: l_nutshell/core_with_l2_1/nutcore/uncache/state_reg_0_   Endpoint: l_nutshell/buffer_3/bundleOut_0_a_q/ram_address_reg_1__29_
26:  Startpoint: l_nutshell/core_with_l2_1/nutcore/uncache/state_reg_0_   Endpoint: l_nutshell/buffer_3/bundleOut_0_a_q/ram_address_reg_1__28_   Startpoint: l_nutshell/core_with_l2_1/nutcore/uncache/state_reg_0_
27:  Endpoint: l_nutshell/buffer_3/bundleOut_0_a_q/ram_address_reg_1__27_   Startpoint: l_nutshell/core_with_l2_1/nutcore/uncache/state_reg_0_   Endpoint: l_nutshell/buffer_3/bundleOut_0_a_q/ram_address_reg_1__26_
28:  Startpoint: l_nutshell/core_with_l2_1/nutcore/uncache/state_reg_0_   Endpoint: l_nutshell/buffer_3/bundleOut_0_a_q/ram_address_reg_1__25_   Startpoint: l_nutshell/core_with_l2_1/nutcore/uncache/state_reg_0_
29:  Endpoint: l_nutshell/buffer_3/bundleOut_0_a_q/ram_address_reg_1__24_   Startpoint: l_nutshell/core_with_l2_1/nutcore/uncache/state_reg_0_   Endpoint: l_nutshell/buffer_3/bundleOut_0_a_q/ram_address_reg_1__23_
30:  Startpoint: l_nutshell/core_with_l2_1/nutcore/uncache/state_reg_0_   Endpoint: l_nutshell/buffer_3/bundleOut_0_a_q/ram_address_reg_1__22_   Startpoint: l_nutshell/core_with_l2_1/nutcore/uncache/state_reg_0_
31:  Endpoint: l_nutshell/buffer_3/bundleOut_0_a_q/ram_address_reg_1__21_   Startpoint: l_nutshell/core_with_l2_1/nutcore/uncache/state_reg_0_   Endpoint: l_nutshell/buffer_3/bundleOut_0_a_q/ram_address_reg_1__20_
32:  Startpoint: l_nutshell/core_with_l2_1/nutcore/uncache/state_reg_0_   Endpoint: l_nutshell/buffer_3/bundleOut_0_a_q/ram_address_reg_1__19_   Startpoint: l_nutshell/core_with_l2_1/nutcore/uncache/state_reg_0_
33:  Endpoint: l_nutshell/buffer_3/bundleOut_0_a_q/ram_address_reg_1__18_   Startpoint: l_nutshell/core_with_l2_1/nutcore/uncache/state_reg_0_   Endpoint: l_nutshell/buffer_3/bundleOut_0_a_q/ram_address_reg_1__17_
34:  Startpoint: l_nutshell/core_with_l2_1/nutcore/uncache/state_reg_0_   Endpoint: l_nutshell/buffer_3/bundleOut_0_a_q/ram_address_reg_1__16_   Startpoint: l_nutshell/core_with_l2_1/nutcore/uncache/state_reg_0_
35:  Endpoint: l_nutshell/buffer_3/bundleOut_0_a_q/ram_address_reg_1__2_   Startpoint: l_nutshell/core_with_l2_1/nutcore/uncache/state_reg_0_   Endpoint: l_nutshell/buffer_3/bundleOut_0_a_q/ram_address_reg_1__1_
36:  Startpoint: l_nutshell/core_with_l2_1/nutcore/uncache/state_reg_0_   Endpoint: l_nutshell/buffer_3/bundleOut_0_a_q/ram_address_reg_1__0_   Startpoint: l_nutshell/core_with_l2_1/nutcore/uncache/state_reg_0_
37:  Endpoint: l_nutshell/buffer_3/bundleOut_0_a_q/ram_size_reg_0__1_   Startpoint: l_nutshell/core_with_l2_1/nutcore/uncache/state_reg_0_   Endpoint: l_nutshell/buffer_3/bundleOut_0_a_q/ram_size_reg_0__0_
38:  Startpoint: l_nutshell/core_with_l2_1/nutcore/uncache/state_reg_0_   Endpoint: l_nutshell/buffer_3/bundleOut_0_a_q/ram_address_reg_0__29_   Startpoint: l_nutshell/core_with_l2_1/nutcore/uncache/state_reg_0_
39:  Endpoint: l_nutshell/buffer_3/bundleOut_0_a_q/ram_address_reg_0__28_   Startpoint: l_nutshell/core_with_l2_1/nutcore/uncache/state_reg_0_   Endpoint: l_nutshell/buffer_3/bundleOut_0_a_q/ram_address_reg_0__27_
40:  Startpoint: l_nutshell/core_with_l2_1/nutcore/uncache/state_reg_0_   Endpoint: l_nutshell/buffer_3/bundleOut_0_a_q/ram_address_reg_0__26_   Startpoint: l_nutshell/core_with_l2_1/nutcore/uncache/state_reg_0_
41:  Endpoint: l_nutshell/buffer_3/bundleOut_0_a_q/ram_address_reg_0__25_   Startpoint: l_nutshell/core_with_l2_1/nutcore/uncache/state_reg_0_   Endpoint: l_nutshell/buffer_3/bundleOut_0_a_q/ram_address_reg_0__24_
42:  Startpoint: l_nutshell/core_with_l2_1/nutcore/uncache/state_reg_0_   Endpoint: l_nutshell/buffer_3/bundleOut_0_a_q/ram_address_reg_0__23_   Startpoint: l_nutshell/core_with_l2_1/nutcore/uncache/state_reg_0_
43:  Endpoint: l_nutshell/buffer_3/bundleOut_0_a_q/ram_address_reg_0__22_   Startpoint: l_nutshell/core_with_l2_1/nutcore/uncache/state_reg_0_   Endpoint: l_nutshell/buffer_3/bundleOut_0_a_q/ram_address_reg_0__21_
44:  Startpoint: l_nutshell/core_with_l2_1/nutcore/uncache/state_reg_0_   Endpoint: l_nutshell/buffer_3/bundleOut_0_a_q/ram_address_reg_0__20_   Startpoint: l_nutshell/core_with_l2_1/nutcore/uncache/state_reg_0_
45:  Endpoint: l_nutshell/buffer_3/bundleOut_0_a_q/ram_address_reg_0__19_   Startpoint: l_nutshell/core_with_l2_1/nutcore/uncache/state_reg_0_   Endpoint: l_nutshell/buffer_3/bundleOut_0_a_q/ram_address_reg_0__18_
46:  Startpoint: l_nutshell/core_with_l2_1/nutcore/uncache/state_reg_0_   Endpoint: l_nutshell/buffer_3/bundleOut_0_a_q/ram_address_reg_0__17_   Startpoint: l_nutshell/core_with_l2_1/nutcore/uncache/state_reg_0_
47:  Endpoint: l_nutshell/buffer_3/bundleOut_0_a_q/ram_address_reg_0__16_   Startpoint: l_nutshell/core_with_l2_1/nutcore/uncache/state_reg_0_   Endpoint: l_nutshell/buffer_3/bundleOut_0_a_q/ram_address_reg_0__2_
48:  Startpoint: l_nutshell/core_with_l2_1/nutcore/uncache/state_reg_0_   Endpoint: l_nutshell/buffer_3/bundleOut_0_a_q/ram_address_reg_0__1_   Startpoint: l_nutshell/core_with_l2_1/nutcore/uncache/state_reg_0_
49:  Startpoint: l_nutshell/core_with_l2_1/nutcore/uncache/state_reg_0_   Endpoint: l_nutshell/buffer_3/bundleOut_0_a_q/ram_mask_reg_1__6_   Startpoint: l_nutshell/core_with_l2_1/nutcore/uncache/state_reg_0_
50:  Endpoint: l_nutshell/buffer_3/bundleOut_0_a_q/ram_mask_reg_1__5_   Startpoint: l_nutshell/core_with_l2_1/nutcore/uncache/state_reg_0_   Endpoint: l_nutshell/buffer_3/bundleOut_0_a_q/ram_mask_reg_1__4_
51:  Startpoint: l_nutshell/core_with_l2_1/nutcore/uncache/state_reg_0_   Endpoint: l_nutshell/buffer_3/bundleOut_0_a_q/ram_mask_reg_1__3_   Startpoint: l_nutshell/core_with_l2_1/nutcore/uncache/state_reg_0_
52:  Endpoint: l_nutshell/buffer_3/bundleOut_0_a_q/ram_mask_reg_1__2_   Startpoint: l_nutshell/core_with_l2_1/nutcore/uncache/state_reg_0_   Endpoint: l_nutshell/buffer_3/bundleOut_0_a_q/ram_mask_reg_1__1_
53:  Startpoint: l_nutshell/core_with_l2_1/nutcore/uncache/state_reg_0_   Endpoint: l_nutshell/buffer_3/bundleOut_0_a_q/ram_mask_reg_1__0_   Startpoint: l_nutshell/core_with_l2_1/nutcore/uncache/state_reg_0_
54:  Endpoint: l_nutshell/buffer_3/bundleOut_0_a_q/ram_data_reg_1__63_   Startpoint: l_nutshell/core_with_l2_1/nutcore/uncache/state_reg_0_   Endpoint: l_nutshell/buffer_3/bundleOut_0_a_q/ram_data_reg_1__62_
55:  Startpoint: l_nutshell/core_with_l2_1/nutcore/uncache/state_reg_0_   Endpoint: l_nutshell/buffer_3/bundleOut_0_a_q/ram_data_reg_1__61_   Startpoint: l_nutshell/core_with_l2_1/nutcore/uncache/state_reg_0_
56:  Endpoint: l_nutshell/buffer_3/bundleOut_0_a_q/ram_data_reg_1__60_   Startpoint: l_nutshell/core_with_l2_1/nutcore/uncache/state_reg_0_   Endpoint: l_nutshell/buffer_3/bundleOut_0_a_q/ram_data_reg_1__59_
57:  Startpoint: l_nutshell/core_with_l2_1/nutcore/uncache/state_reg_0_   Endpoint: l_nutshell/buffer_3/bundleOut_0_a_q/ram_data_reg_1__58_   Startpoint: l_nutshell/core_with_l2_1/nutcore/uncache/state_reg_0_
58:  Endpoint: l_nutshell/buffer_3/bundleOut_0_a_q/ram_data_reg_1__57_   Startpoint: l_nutshell/core_with_l2_1/nutcore/uncache/state_reg_0_   Endpoint: l_nutshell/buffer_3/bundleOut_0_a_q/ram_data_reg_1__56_
59:  Startpoint: l_nutshell/core_with_l2_1/nutcore/uncache/state_reg_0_   Endpoint: l_nutshell/buffer_3/bundleOut_0_a_q/ram_data_reg_1__55_   Startpoint: l_nutshell/core_with_l2_1/nutcore/uncache/state_reg_0_
60:  Endpoint: l_nutshell/buffer_3/bundleOut_0_a_q/ram_data_reg_1__54_   Startpoint: l_nutshell/core_with_l2_1/nutcore/uncache/state_reg_0_   Endpoint: l_nutshell/buffer_3/bundleOut_0_a_q/ram_data_reg_1__53_
61:  Startpoint: l_nutshell/core_with_l2_1/nutcore/uncache/state_reg_0_   Endpoint: l_nutshell/buffer_3/bundleOut_0_a_q/ram_data_reg_1__52_   Startpoint: l_nutshell/core_with_l2_1/nutcore/uncache/state_reg_0_
62:  Endpoint: l_nutshell/buffer_3/bundleOut_0_a_q/ram_data_reg_1__51_   Startpoint: l_nutshell/core_with_l2_1/nutcore/uncache/state_reg_0_   Endpoint: l_nutshell/buffer_3/bundleOut_0_a_q/ram_data_reg_1__50_
63:  Startpoint: l_nutshell/core_with_l2_1/nutcore/uncache/state_reg_0_   Endpoint: l_nutshell/buffer_3/bundleOut_0_a_q/ram_data_reg_1__49_   Startpoint: l_nutshell/core_with_l2_1/nutcore/uncache/state_reg_0_
64:  Endpoint: l_nutshell/buffer_3/bundleOut_0_a_q/ram_data_reg_1__48_   Startpoint: l_nutshell/core_with_l2_1/nutcore/uncache/state_reg_0_   Endpoint: l_nutshell/buffer_3/bundleOut_0_a_q/ram_data_reg_1__47_
65:  Startpoint: l_nutshell/core_with_l2_1/nutcore/uncache/state_reg_0_   Endpoint: l_nutshell/buffer_3/bundleOut_0_a_q/ram_data_reg_1__46_   Startpoint: l_nutshell/core_with_l2_1/nutcore/uncache/state_reg_0_
66:  Endpoint: l_nutshell/buffer_3/bundleOut_0_a_q/ram_data_reg_1__45_   Startpoint: l_nutshell/core_with_l2_1/nutcore/uncache/state_reg_0_   Endpoint: l_nutshell/buffer_3/bundleOut_0_a_q/ram_data_reg_1__44_
67:  Startpoint: l_nutshell/core_with_l2_1/nutcore/uncache/state_reg_0_   Endpoint: l_nutshell/buffer_3/bundleOut_0_a_q/ram_data_reg_1__43_   Startpoint: l_nutshell/core_with_l2_1/nutcore/uncache/state_reg_0_
68:  Endpoint: l_nutshell/buffer_3/bundleOut_0_a_q/ram_data_reg_1__42_   Startpoint: l_nutshell/core_with_l2_1/nutcore/uncache/state_reg_0_   Endpoint: l_nutshell/buffer_3/bundleOut_0_a_q/ram_data_reg_1__41_
69:  Startpoint: l_nutshell/core_with_l2_1/nutcore/uncache/state_reg_0_   Endpoint: l_nutshell/buffer_3/bundleOut_0_a_q/ram_data_reg_1__40_   Startpoint: l_nutshell/core_with_l2_1/nutcore/uncache/state_reg_0_
70:  Endpoint: l_nutshell/buffer_3/bundleOut_0_a_q/ram_data_reg_1__39_   Startpoint: l_nutshell/core_with_l2_1/nutcore/uncache/state_reg_0_   Endpoint: l_nutshell/buffer_3/bundleOut_0_a_q/ram_data_reg_1__38_
71:  Startpoint: l_nutshell/core_with_l2_1/nutcore/uncache/state_reg_0_   Endpoint: l_nutshell/buffer_3/bundleOut_0_a_q/ram_data_reg_1__37_   Startpoint: l_nutshell/core_with_l2_1/nutcore/uncache/state_reg_0_
72:  Endpoint: l_nutshell/buffer_3/bundleOut_0_a_q/ram_data_reg_1__36_   Startpoint: l_nutshell/core_with_l2_1/nutcore/uncache/state_reg_0_   Endpoint: l_nutshell/buffer_3/bundleOut_0_a_q/ram_data_reg_1__35_
73:  Startpoint: l_nutshell/core_with_l2_1/nutcore/uncache/state_reg_0_   Endpoint: l_nutshell/buffer_3/bundleOut_0_a_q/ram_data_reg_1__34_   Startpoint: l_nutshell/core_with_l2_1/nutcore/uncache/state_reg_0_
74:  Endpoint: l_nutshell/buffer_3/bundleOut_0_a_q/ram_data_reg_1__33_   Startpoint: l_nutshell/core_with_l2_1/nutcore/uncache/state_reg_0_   Endpoint: l_nutshell/buffer_3/bundleOut_0_a_q/ram_data_reg_1__32_
75:  Startpoint: l_nutshell/core_with_l2_1/nutcore/uncache/state_reg_0_   Endpoint: l_nutshell/buffer_3/bundleOut_0_a_q/ram_data_reg_1__31_   Startpoint: l_nutshell/core_with_l2_1/nutcore/uncache/state_reg_0_
76:  Endpoint: l_nutshell/buffer_3/bundleOut_0_a_q/ram_data_reg_1__30_   Startpoint: l_nutshell/core_with_l2_1/nutcore/uncache/state_reg_0_   Endpoint: l_nutshell/buffer_3/bundleOut_0_a_q/ram_data_reg_1__29_
77:  Startpoint: l_nutshell/core_with_l2_1/nutcore/uncache/state_reg_0_   Endpoint: l_nutshell/buffer_3/bundleOut_0_a_q/ram_data_reg_1__28_   Startpoint: l_nutshell/core_with_l2_1/nutcore/uncache/state_reg_0_
78:  Endpoint: l_nutshell/buffer_3/bundleOut_0_a_q/ram_data_reg_1__27_   Startpoint: l_nutshell/core_with_l2_1/nutcore/uncache/state_reg_0_   Endpoint: l_nutshell/buffer_3/bundleOut_0_a_q/ram_data_reg_1__26_
79:  Startpoint: l_nutshell/core_with_l2_1/nutcore/uncache/state_reg_0_   Endpoint: l_nutshell/buffer_3/bundleOut_0_a_q/ram_data_reg_1__25_   Startpoint: l_nutshell/core_with_l2_1/nutcore/uncache/state_reg_0_
80:  Endpoint: l_nutshell/buffer_3/bundleOut_0_a_q/ram_data_reg_1__24_   Startpoint: l_nutshell/core_with_l2_1/nutcore/uncache/state_reg_0_   Endpoint: l_nutshell/buffer_3/bundleOut_0_a_q/ram_data_reg_1__23_
81:  Startpoint: l_nutshell/core_with_l2_1/nutcore/uncache/state_reg_0_   Endpoint: l_nutshell/buffer_3/bundleOut_0_a_q/ram_data_reg_1__22_   Startpoint: l_nutshell/core_with_l2_1/nutcore/uncache/state_reg_0_
82:  Endpoint: l_nutshell/buffer_3/bundleOut_0_a_q/ram_data_reg_1__21_   Startpoint: l_nutshell/core_with_l2_1/nutcore/uncache/state_reg_0_   Endpoint: l_nutshell/buffer_3/bundleOut_0_a_q/ram_data_reg_1__20_
83:  Startpoint: l_nutshell/core_with_l2_1/nutcore/uncache/state_reg_0_   Endpoint: l_nutshell/buffer_3/bundleOut_0_a_q/ram_data_reg_1__19_   Startpoint: l_nutshell/core_with_l2_1/nutcore/uncache/state_reg_0_
84:  Endpoint: l_nutshell/buffer_3/bundleOut_0_a_q/ram_data_reg_1__18_   Startpoint: l_nutshell/core_with_l2_1/nutcore/uncache/state_reg_0_   Endpoint: l_nutshell/buffer_3/bundleOut_0_a_q/ram_data_reg_1__17_
85:  Startpoint: l_nutshell/core_with_l2_1/nutcore/uncache/state_reg_0_   Endpoint: l_nutshell/buffer_3/bundleOut_0_a_q/ram_data_reg_1__16_   Startpoint: l_nutshell/core_with_l2_1/nutcore/uncache/state_reg_0_
86:  Endpoint: l_nutshell/buffer_3/bundleOut_0_a_q/ram_data_reg_1__15_   Startpoint: l_nutshell/core_with_l2_1/nutcore/uncache/state_reg_0_   Endpoint: l_nutshell/buffer_3/bundleOut_0_a_q/ram_data_reg_1__14_
87:  Startpoint: l_nutshell/core_with_l2_1/nutcore/uncache/state_reg_0_   Endpoint: l_nutshell/buffer_3/bundleOut_0_a_q/ram_data_reg_1__13_   Startpoint: l_nutshell/core_with_l2_1/nutcore/uncache/state_reg_0_
88:  Endpoint: l_nutshell/buffer_3/bundleOut_0_a_q/ram_data_reg_1__12_   Startpoint: l_nutshell/core_with_l2_1/nutcore/uncache/state_reg_0_   Endpoint: l_nutshell/buffer_3/bundleOut_0_a_q/ram_data_reg_1__11_
89:  Startpoint: l_nutshell/core_with_l2_1/nutcore/uncache/state_reg_0_   Endpoint: l_nutshell/buffer_3/bundleOut_0_a_q/ram_data_reg_1__10_   Startpoint: l_nutshell/core_with_l2_1/nutcore/uncache/state_reg_0_
90:  Endpoint: l_nutshell/buffer_3/bundleOut_0_a_q/ram_data_reg_1__9_   Startpoint: l_nutshell/core_with_l2_1/nutcore/uncache/state_reg_0_   Endpoint: l_nutshell/buffer_3/bundleOut_0_a_q/ram_data_reg_1__8_
91:  Startpoint: l_nutshell/core_with_l2_1/nutcore/uncache/state_reg_0_   Endpoint: l_nutshell/buffer_3/bundleOut_0_a_q/ram_data_reg_1__7_   Startpoint: l_nutshell/core_with_l2_1/nutcore/uncache/state_reg_0_
92:  Endpoint: l_nutshell/buffer_3/bundleOut_0_a_q/ram_data_reg_1__6_   Startpoint: l_nutshell/core_with_l2_1/nutcore/uncache/state_reg_0_   Endpoint: l_nutshell/buffer_3/bundleOut_0_a_q/ram_data_reg_1__5_
93:  Startpoint: l_nutshell/core_with_l2_1/nutcore/uncache/state_reg_0_   Endpoint: l_nutshell/buffer_3/bundleOut_0_a_q/ram_data_reg_1__4_   Startpoint: l_nutshell/core_with_l2_1/nutcore/uncache/state_reg_0_
94:  Endpoint: l_nutshell/buffer_3/bundleOut_0_a_q/ram_data_reg_1__3_   Startpoint: l_nutshell/core_with_l2_1/nutcore/uncache/state_reg_0_   Endpoint: l_nutshell/buffer_3/bundleOut_0_a_q/ram_data_reg_1__2_
95:  Startpoint: l_nutshell/core_with_l2_1/nutcore/uncache/state_reg_0_   Endpoint: l_nutshell/buffer_3/bundleOut_0_a_q/ram_data_reg_1__1_   Startpoint: l_nutshell/core_with_l2_1/nutcore/uncache/state_reg_0_
96:  Endpoint: l_nutshell/buffer_3/bundleOut_0_a_q/ram_data_reg_1__0_   Startpoint: l_nutshell/core_with_l2_1/nutcore/uncache/state_reg_0_   Endpoint: l_nutshell/buffer_3/bundleOut_0_a_q/ram_mask_reg_0__7_
97:  Startpoint: l_nutshell/core_with_l2_1/nutcore/uncache/state_reg_0_   Endpoint: l_nutshell/buffer_3/bundleOut_0_a_q/ram_mask_reg_0__6_   Startpoint: l_nutshell/core_with_l2_1/nutcore/uncache/state_reg_0_
98:  Endpoint: l_nutshell/buffer_3/bundleOut_0_a_q/ram_mask_reg_0__5_   Startpoint: l_nutshell/core_with_l2_1/nutcore/uncache/state_reg_0_   Endpoint: l_nutshell/buffer_3/bundleOut_0_a_q/ram_mask_reg_0__4_
99:  Startpoint: l_nutshell/core_with_l2_1/nutcore/uncache/state_reg_0_   Endpoint: l_nutshell/buffer_3/bundleOut_0_a_q/ram_mask_reg_0__3_   Startpoint: l_nutshell/core_with_l2_1/nutcore/uncache/state_reg_0_
100:  Endpoint: l_nutshell/buffer_3/bundleOut_0_a_q/ram_mask_reg_0__2_   Startpoint: l_nutshell/core_with_l2_1/nutcore/uncache/state_reg_0_   Endpoint: l_nutshell/buffer_3/bundleOut_0_a_q/ram_mask_reg_0__1_
101:  Startpoint: l_nutshell/core_with_l2_1/nutcore/uncache/state_reg_0_   Endpoint: l_nutshell/buffer_3/bundleOut_0_a_q/ram_mask_reg_0__0_   Startpoint: l_nutshell/core_with_l2_1/nutcore/uncache/state_reg_0_
102:  Endpoint: l_nutshell/buffer_3/bundleOut_0_a_q/ram_data_reg_0__63_   Startpoint: l_nutshell/core_with_l2_1/nutcore/uncache/state_reg_0_   Endpoint: l_nutshell/buffer_3/bundleOut_0_a_q/ram_data_reg_0__62_
103:  Startpoint: l_nutshell/core_with_l2_1/nutcore/uncache/state_reg_0_   Endpoint: l_nutshell/buffer_3/bundleOut_0_a_q/ram_data_reg_0__61_   Startpoint: l_nutshell/core_with_l2_1/nutcore/uncache/state_reg_0_
104:  Endpoint: l_nutshell/buffer_3/bundleOut_0_a_q/ram_data_reg_0__60_   Startpoint: l_nutshell/core_with_l2_1/nutcore/uncache/state_reg_0_   Endpoint: l_nutshell/buffer_3/bundleOut_0_a_q/ram_data_reg_0__59_
105:  Startpoint: l_nutshell/core_with_l2_1/nutcore/uncache/state_reg_0_   Endpoint: l_nutshell/buffer_3/bundleOut_0_a_q/ram_data_reg_0__58_   Startpoint: l_nutshell/core_with_l2_1/nutcore/uncache/state_reg_0_
106:  Endpoint: l_nutshell/buffer_3/bundleOut_0_a_q/ram_data_reg_0__57_   Startpoint: l_nutshell/core_with_l2_1/nutcore/uncache/state_reg_0_   Endpoint: l_nutshell/buffer_3/bundleOut_0_a_q/ram_data_reg_0__56_
107:  Startpoint: l_nutshell/core_with_l2_1/nutcore/uncache/state_reg_0_   Endpoint: l_nutshell/buffer_3/bundleOut_0_a_q/ram_data_reg_0__55_   Startpoint: l_nutshell/core_with_l2_1/nutcore/uncache/state_reg_0_
108:  Endpoint: l_nutshell/buffer_3/bundleOut_0_a_q/ram_data_reg_0__54_   Startpoint: l_nutshell/core_with_l2_1/nutcore/uncache/state_reg_0_   Endpoint: l_nutshell/buffer_3/bundleOut_0_a_q/ram_data_reg_0__53_
109:  Startpoint: l_nutshell/core_with_l2_1/nutcore/uncache/state_reg_0_   Endpoint: l_nutshell/buffer_3/bundleOut_0_a_q/ram_data_reg_0__52_   Startpoint: l_nutshell/core_with_l2_1/nutcore/uncache/state_reg_0_
110:  Endpoint: l_nutshell/buffer_3/bundleOut_0_a_q/ram_data_reg_0__51_   Startpoint: l_nutshell/core_with_l2_1/nutcore/uncache/state_reg_0_   Endpoint: l_nutshell/buffer_3/bundleOut_0_a_q/ram_data_reg_0__50_
111:  Startpoint: l_nutshell/core_with_l2_1/nutcore/uncache/state_reg_0_   Endpoint: l_nutshell/buffer_3/bundleOut_0_a_q/ram_data_reg_0__49_   Startpoint: l_nutshell/core_with_l2_1/nutcore/uncache/state_reg_0_
112:  Endpoint: l_nutshell/buffer_3/bundleOut_0_a_q/ram_data_reg_0__48_   Startpoint: l_nutshell/core_with_l2_1/nutcore/uncache/state_reg_0_   Endpoint: l_nutshell/buffer_3/bundleOut_0_a_q/ram_data_reg_0__47_
113:  Startpoint: l_nutshell/core_with_l2_1/nutcore/uncache/state_reg_0_   Endpoint: l_nutshell/buffer_3/bundleOut_0_a_q/ram_data_reg_0__46_   Startpoint: l_nutshell/core_with_l2_1/nutcore/uncache/state_reg_0_
114:  Endpoint: l_nutshell/buffer_3/bundleOut_0_a_q/ram_data_reg_0__45_   Startpoint: l_nutshell/core_with_l2_1/nutcore/uncache/state_reg_0_   Endpoint: l_nutshell/buffer_3/bundleOut_0_a_q/ram_data_reg_0__44_
115:  Startpoint: l_nutshell/core_with_l2_1/nutcore/uncache/state_reg_0_   Endpoint: l_nutshell/buffer_3/bundleOut_0_a_q/ram_data_reg_0__43_   Startpoint: l_nutshell/core_with_l2_1/nutcore/uncache/state_reg_0_
116:  Endpoint: l_nutshell/buffer_3/bundleOut_0_a_q/ram_data_reg_0__42_   Startpoint: l_nutshell/core_with_l2_1/nutcore/uncache/state_reg_0_   Endpoint: l_nutshell/buffer_3/bundleOut_0_a_q/ram_data_reg_0__41_
117:  Startpoint: l_nutshell/core_with_l2_1/nutcore/uncache/state_reg_0_   Endpoint: l_nutshell/buffer_3/bundleOut_0_a_q/ram_data_reg_0__40_   Startpoint: l_nutshell/core_with_l2_1/nutcore/uncache/state_reg_0_
118:  Endpoint: l_nutshell/buffer_3/bundleOut_0_a_q/ram_data_reg_0__39_   Startpoint: l_nutshell/core_with_l2_1/nutcore/uncache/state_reg_0_   Endpoint: l_nutshell/buffer_3/bundleOut_0_a_q/ram_data_reg_0__38_
119:  Startpoint: l_nutshell/core_with_l2_1/nutcore/uncache/state_reg_0_   Endpoint: l_nutshell/buffer_3/bundleOut_0_a_q/ram_data_reg_0__37_   Startpoint: l_nutshell/core_with_l2_1/nutcore/uncache/state_reg_0_
120:  Endpoint: l_nutshell/buffer_3/bundleOut_0_a_q/ram_data_reg_0__36_   Startpoint: l_nutshell/core_with_l2_1/nutcore/uncache/state_reg_0_   Endpoint: l_nutshell/buffer_3/bundleOut_0_a_q/ram_data_reg_0__35_
121:  Startpoint: l_nutshell/core_with_l2_1/nutcore/uncache/state_reg_0_   Endpoint: l_nutshell/buffer_3/bundleOut_0_a_q/ram_data_reg_0__34_   Startpoint: l_nutshell/core_with_l2_1/nutcore/uncache/state_reg_0_
122:  Endpoint: l_nutshell/buffer_3/bundleOut_0_a_q/ram_data_reg_0__33_   Startpoint: l_nutshell/core_with_l2_1/nutcore/uncache/state_reg_0_   Endpoint: l_nutshell/buffer_3/bundleOut_0_a_q/ram_data_reg_0__32_
123:  Startpoint: l_nutshell/core_with_l2_1/nutcore/uncache/state_reg_0_   Endpoint: l_nutshell/buffer_3/bundleOut_0_a_q/ram_data_reg_0__31_   Startpoint: l_nutshell/core_with_l2_1/nutcore/uncache/state_reg_0_
124:  Endpoint: l_nutshell/buffer_3/bundleOut_0_a_q/ram_data_reg_0__30_   Startpoint: l_nutshell/core_with_l2_1/nutcore/uncache/state_reg_0_   Endpoint: l_nutshell/buffer_3/bundleOut_0_a_q/ram_data_reg_0__29_
125:  Startpoint: l_nutshell/core_with_l2_1/nutcore/uncache/state_reg_0_   Endpoint: l_nutshell/buffer_3/bundleOut_0_a_q/ram_data_reg_0__28_   Startpoint: l_nutshell/core_with_l2_1/nutcore/uncache/state_reg_0_
126:  Endpoint: l_nutshell/buffer_3/bundleOut_0_a_q/ram_data_reg_0__27_   Startpoint: l_nutshell/core_with_l2_1/nutcore/uncache/state_reg_0_   Endpoint: l_nutshell/buffer_3/bundleOut_0_a_q/ram_data_reg_0__26_
127:  Startpoint: l_nutshell/core_with_l2_1/nutcore/uncache/state_reg_0_   Endpoint: l_nutshell/buffer_3/bundleOut_0_a_q/ram_data_reg_0__25_   Startpoint: l_nutshell/core_with_l2_1/nutcore/uncache/state_reg_0_
128:  Endpoint: l_nutshell/buffer_3/bundleOut_0_a_q/ram_data_reg_0__24_   Startpoint: l_nutshell/core_with_l2_1/nutcore/uncache/state_reg_0_   Endpoint: l_nutshell/buffer_3/bundleOut_0_a_q/ram_data_reg_0__23_
129:  Startpoint: l_nutshell/core_with_l2_1/nutcore/uncache/state_reg_0_   Endpoint: l_nutshell/buffer_3/bundleOut_0_a_q/ram_data_reg_0__22_   Startpoint: l_nutshell/core_with_l2_1/nutcore/uncache/state_reg_0_
130:  Endpoint: l_nutshell/buffer_3/bundleOut_0_a_q/ram_data_reg_0__21_   Startpoint: l_nutshell/core_with_l2_1/nutcore/uncache/state_reg_0_   Endpoint: l_nutshell/buffer_3/bundleOut_0_a_q/ram_data_reg_0__20_
131:  Startpoint: l_nutshell/core_with_l2_1/nutcore/uncache/state_reg_0_   Endpoint: l_nutshell/buffer_3/bundleOut_0_a_q/ram_data_reg_0__19_   Startpoint: l_nutshell/core_with_l2_1/nutcore/uncache/state_reg_0_
132:  Endpoint: l_nutshell/buffer_3/bundleOut_0_a_q/ram_data_reg_0__18_   Startpoint: l_nutshell/core_with_l2_1/nutcore/uncache/state_reg_0_   Endpoint: l_nutshell/buffer_3/bundleOut_0_a_q/ram_data_reg_0__17_
133:  Startpoint: l_nutshell/core_with_l2_1/nutcore/uncache/state_reg_0_   Endpoint: l_nutshell/buffer_3/bundleOut_0_a_q/ram_data_reg_0__16_   Startpoint: l_nutshell/core_with_l2_1/nutcore/uncache/state_reg_0_
134:  Endpoint: l_nutshell/buffer_3/bundleOut_0_a_q/ram_data_reg_0__15_   Startpoint: l_nutshell/core_with_l2_1/nutcore/uncache/state_reg_0_   Endpoint: l_nutshell/buffer_3/bundleOut_0_a_q/ram_data_reg_0__14_
135:  Startpoint: l_nutshell/core_with_l2_1/nutcore/uncache/state_reg_0_   Endpoint: l_nutshell/buffer_3/bundleOut_0_a_q/ram_data_reg_0__13_   Startpoint: l_nutshell/core_with_l2_1/nutcore/uncache/state_reg_0_
136:  Endpoint: l_nutshell/buffer_3/bundleOut_0_a_q/ram_data_reg_0__12_   Startpoint: l_nutshell/core_with_l2_1/nutcore/uncache/state_reg_0_   Endpoint: l_nutshell/buffer_3/bundleOut_0_a_q/ram_data_reg_0__11_
137:  Startpoint: l_nutshell/core_with_l2_1/nutcore/uncache/state_reg_0_   Endpoint: l_nutshell/buffer_3/bundleOut_0_a_q/ram_data_reg_0__10_   Startpoint: l_nutshell/core_with_l2_1/nutcore/uncache/state_reg_0_
138:  Endpoint: l_nutshell/buffer_3/bundleOut_0_a_q/ram_data_reg_0__9_   Startpoint: l_nutshell/core_with_l2_1/nutcore/uncache/state_reg_0_   Endpoint: l_nutshell/buffer_3/bundleOut_0_a_q/ram_data_reg_0__8_
139:  Startpoint: l_nutshell/core_with_l2_1/nutcore/uncache/state_reg_0_   Endpoint: l_nutshell/buffer_3/bundleOut_0_a_q/ram_data_reg_0__7_   Startpoint: l_nutshell/core_with_l2_1/nutcore/uncache/state_reg_0_
140:  Endpoint: l_nutshell/buffer_3/bundleOut_0_a_q/ram_data_reg_0__6_   Startpoint: l_nutshell/core_with_l2_1/nutcore/uncache/state_reg_0_   Endpoint: l_nutshell/buffer_3/bundleOut_0_a_q/ram_data_reg_0__5_
141:  Startpoint: l_nutshell/core_with_l2_1/nutcore/uncache/state_reg_0_   Endpoint: l_nutshell/buffer_3/bundleOut_0_a_q/ram_data_reg_0__4_   Startpoint: l_nutshell/core_with_l2_1/nutcore/uncache/state_reg_0_
142:  Endpoint: l_nutshell/buffer_3/bundleOut_0_a_q/ram_data_reg_0__3_   Startpoint: l_nutshell/core_with_l2_1/nutcore/uncache/state_reg_0_   Endpoint: l_nutshell/buffer_3/bundleOut_0_a_q/ram_data_reg_0__2_
143:  Startpoint: l_nutshell/core_with_l2_1/nutcore/uncache/state_reg_0_   Endpoint: l_nutshell/buffer_3/bundleOut_0_a_q/ram_data_reg_0__1_   Startpoint: l_nutshell/core_with_l2_1/nutcore/uncache/state_reg_0_
144:  Startpoint: l_nutshell/core_with_l2_1/nutcore/uncache/state_reg_0_   Endpoint: l_nutshell/buffer_3/bundleOut_0_a_q/ram_address_reg_1__14_   Startpoint: l_nutshell/core_with_l2_1/nutcore/uncache/state_reg_0_
145:  Endpoint: l_nutshell/buffer_3/bundleOut_0_a_q/ram_address_reg_1__13_   Startpoint: l_nutshell/core_with_l2_1/nutcore/uncache/state_reg_0_   Endpoint: l_nutshell/buffer_3/bundleOut_0_a_q/ram_address_reg_1__12_
146:  Startpoint: l_nutshell/core_with_l2_1/nutcore/uncache/state_reg_0_   Endpoint: l_nutshell/buffer_3/bundleOut_0_a_q/ram_address_reg_1__11_   Startpoint: l_nutshell/core_with_l2_1/nutcore/uncache/state_reg_0_
147:  Endpoint: l_nutshell/buffer_3/bundleOut_0_a_q/ram_address_reg_1__10_   Startpoint: l_nutshell/core_with_l2_1/nutcore/uncache/state_reg_0_   Endpoint: l_nutshell/buffer_3/bundleOut_0_a_q/ram_address_reg_1__9_
148:  Startpoint: l_nutshell/core_with_l2_1/nutcore/uncache/state_reg_0_   Endpoint: l_nutshell/buffer_3/bundleOut_0_a_q/ram_address_reg_1__8_   Startpoint: l_nutshell/core_with_l2_1/nutcore/uncache/state_reg_0_
149:  Endpoint: l_nutshell/buffer_3/bundleOut_0_a_q/ram_address_reg_1__7_   Startpoint: l_nutshell/core_with_l2_1/nutcore/uncache/state_reg_0_   Endpoint: l_nutshell/buffer_3/bundleOut_0_a_q/ram_address_reg_1__6_
150:  Startpoint: l_nutshell/core_with_l2_1/nutcore/uncache/state_reg_0_   Endpoint: l_nutshell/buffer_3/bundleOut_0_a_q/ram_address_reg_1__5_   Startpoint: l_nutshell/core_with_l2_1/nutcore/uncache/state_reg_0_
151:  Endpoint: l_nutshell/buffer_3/bundleOut_0_a_q/ram_address_reg_1__4_   Startpoint: l_nutshell/core_with_l2_1/nutcore/uncache/state_reg_0_   Endpoint: l_nutshell/buffer_3/bundleOut_0_a_q/ram_address_reg_1__3_
152:  Startpoint: l_nutshell/core_with_l2_1/nutcore/uncache/state_reg_0_   Endpoint: l_nutshell/buffer_3/bundleOut_0_a_q/ram_address_reg_0__15_   Startpoint: l_nutshell/core_with_l2_1/nutcore/uncache/state_reg_0_
153:  Endpoint: l_nutshell/buffer_3/bundleOut_0_a_q/ram_address_reg_0__14_   Startpoint: l_nutshell/core_with_l2_1/nutcore/uncache/state_reg_0_   Endpoint: l_nutshell/buffer_3/bundleOut_0_a_q/ram_address_reg_0__13_
154:  Startpoint: l_nutshell/core_with_l2_1/nutcore/uncache/state_reg_0_   Endpoint: l_nutshell/buffer_3/bundleOut_0_a_q/ram_address_reg_0__12_   Startpoint: l_nutshell/core_with_l2_1/nutcore/uncache/state_reg_0_
155:  Endpoint: l_nutshell/buffer_3/bundleOut_0_a_q/ram_address_reg_0__11_   Startpoint: l_nutshell/core_with_l2_1/nutcore/uncache/state_reg_0_   Endpoint: l_nutshell/buffer_3/bundleOut_0_a_q/ram_address_reg_0__10_
156:  Startpoint: l_nutshell/core_with_l2_1/nutcore/uncache/state_reg_0_   Endpoint: l_nutshell/buffer_3/bundleOut_0_a_q/ram_address_reg_0__9_   Startpoint: l_nutshell/core_with_l2_1/nutcore/uncache/state_reg_0_
157:  Endpoint: l_nutshell/buffer_3/bundleOut_0_a_q/ram_address_reg_0__8_   Startpoint: l_nutshell/core_with_l2_1/nutcore/uncache/state_reg_0_   Endpoint: l_nutshell/buffer_3/bundleOut_0_a_q/ram_address_reg_0__7_
158:  Startpoint: l_nutshell/core_with_l2_1/nutcore/uncache/state_reg_0_   Endpoint: l_nutshell/buffer_3/bundleOut_0_a_q/ram_address_reg_0__6_   Startpoint: l_nutshell/core_with_l2_1/nutcore/uncache/state_reg_0_
159:  Endpoint: l_nutshell/buffer_3/bundleOut_0_a_q/ram_address_reg_0__5_   Startpoint: l_nutshell/core_with_l2_1/nutcore/uncache/state_reg_0_   Endpoint: l_nutshell/buffer_3/bundleOut_0_a_q/ram_address_reg_0__4_
160:  Endpoint: l_nutshell/buffer_3/bundleOut_0_a_q/ram_opcode_reg_1__2_   Startpoint: l_nutshell/core_with_l2_1/nutcore/uncache/state_reg_0_   Endpoint: l_nutshell/buffer_3/bundleOut_0_a_q/ram_opcode_reg_0__2_
225:  Endpoint: l_nutshell/buffer_3/bundleOut_0_a_q/ram_source_reg_1__1_   Startpoint: l_nutshell/core_with_l2_1/nutcore/uncache/state_reg_0_   Endpoint: l_nutshell/buffer_3/bundleOut_0_a_q/ram_source_reg_0__1_
234:  Endpoint: l_nutshell/buffer_3/bundleOut_0_a_q/ram_address_reg_1__30_   Startpoint: l_nutshell/core_with_l2_1/nutcore/uncache/state_reg_0_   Endpoint: l_nutshell/buffer_3/bundleOut_0_a_q/ram_address_reg_0__30_
